Archive member included to satisfy reference by file (symbol)

/usr/lib/gcc/arm-none-eabi/13.2.1/thumb/v6-m/nofp/libgcc.a(_dvmd_tls.o)
                              CMakeFiles/main.dir/opt/pico-sdk/src/rp2_common/pico_divider/divider_hardware.S.obj (__aeabi_idiv0)
/usr/lib/gcc/arm-none-eabi/13.2.1/../../../arm-none-eabi/lib/thumb/v6-m/nofp/libg.a(libc_a-calloc.o)
                              CMakeFiles/main.dir/opt/pico-sdk/src/rp2_common/pico_malloc/malloc.c.obj (calloc)
/usr/lib/gcc/arm-none-eabi/13.2.1/../../../arm-none-eabi/lib/thumb/v6-m/nofp/libg.a(libc_a-impure.o)
                              /usr/lib/gcc/arm-none-eabi/13.2.1/../../../arm-none-eabi/lib/thumb/v6-m/nofp/libg.a(libc_a-calloc.o) (_impure_ptr)
/usr/lib/gcc/arm-none-eabi/13.2.1/../../../arm-none-eabi/lib/thumb/v6-m/nofp/libg.a(libc_a-callocr.o)
                              /usr/lib/gcc/arm-none-eabi/13.2.1/../../../arm-none-eabi/lib/thumb/v6-m/nofp/libg.a(libc_a-calloc.o) (_calloc_r)
/usr/lib/gcc/arm-none-eabi/13.2.1/../../../arm-none-eabi/lib/thumb/v6-m/nofp/libg.a(libc_a-realloc.o)
                              CMakeFiles/main.dir/opt/pico-sdk/src/rp2_common/pico_malloc/malloc.c.obj (realloc)
/usr/lib/gcc/arm-none-eabi/13.2.1/../../../arm-none-eabi/lib/thumb/v6-m/nofp/libg.a(libc_a-mallocr.o)
                              /usr/lib/gcc/arm-none-eabi/13.2.1/../../../arm-none-eabi/lib/thumb/v6-m/nofp/libg.a(libc_a-callocr.o) (_malloc_r)
/usr/lib/gcc/arm-none-eabi/13.2.1/../../../arm-none-eabi/lib/thumb/v6-m/nofp/libg.a(libc_a-freer.o)
                              /usr/lib/gcc/arm-none-eabi/13.2.1/../../../arm-none-eabi/lib/thumb/v6-m/nofp/libg.a(libc_a-mallocr.o) (_free_r)
/usr/lib/gcc/arm-none-eabi/13.2.1/../../../arm-none-eabi/lib/thumb/v6-m/nofp/libg.a(libc_a-memcmp.o)
                              CMakeFiles/main.dir/opt/pico-sdk/src/rp2_common/pico_atomic/atomic.c.obj (memcmp)
/usr/lib/gcc/arm-none-eabi/13.2.1/../../../arm-none-eabi/lib/thumb/v6-m/nofp/libg.a(libc_a-malloc.o)
                              CMakeFiles/main.dir/opt/pico-sdk/src/rp2_common/pico_malloc/malloc.c.obj (malloc)
/usr/lib/gcc/arm-none-eabi/13.2.1/../../../arm-none-eabi/lib/thumb/v6-m/nofp/libg.a(libc_a-sysconf.o)
                              /usr/lib/gcc/arm-none-eabi/13.2.1/../../../arm-none-eabi/lib/thumb/v6-m/nofp/libg.a(libc_a-mallocr.o) (sysconf)
/usr/lib/gcc/arm-none-eabi/13.2.1/../../../arm-none-eabi/lib/thumb/v6-m/nofp/libg.a(libc_a-init.o)
                              /usr/lib/gcc/arm-none-eabi/13.2.1/../../../arm-none-eabi/lib/thumb/v6-m/nofp/crt0.o (__libc_init_array)
/usr/lib/gcc/arm-none-eabi/13.2.1/../../../arm-none-eabi/lib/thumb/v6-m/nofp/libg.a(libc_a-reallocr.o)
                              /usr/lib/gcc/arm-none-eabi/13.2.1/../../../arm-none-eabi/lib/thumb/v6-m/nofp/libg.a(libc_a-realloc.o) (_realloc_r)
/usr/lib/gcc/arm-none-eabi/13.2.1/../../../arm-none-eabi/lib/thumb/v6-m/nofp/libg.a(libc_a-mktime.o)
                              CMakeFiles/main.dir/opt/pico-sdk/src/common/pico_util/datetime.c.obj (mktime)
/usr/lib/gcc/arm-none-eabi/13.2.1/../../../arm-none-eabi/lib/thumb/v6-m/nofp/libg.a(libc_a-mlock.o)
                              /usr/lib/gcc/arm-none-eabi/13.2.1/../../../arm-none-eabi/lib/thumb/v6-m/nofp/libg.a(libc_a-mallocr.o) (__malloc_lock)
/usr/lib/gcc/arm-none-eabi/13.2.1/../../../arm-none-eabi/lib/thumb/v6-m/nofp/libg.a(libc_a-findfp.o)
                              /usr/lib/gcc/arm-none-eabi/13.2.1/../../../arm-none-eabi/lib/thumb/v6-m/nofp/libg.a(libc_a-impure.o) (__sf)
/usr/lib/gcc/arm-none-eabi/13.2.1/../../../arm-none-eabi/lib/thumb/v6-m/nofp/libg.a(libc_a-tzlock.o)
                              /usr/lib/gcc/arm-none-eabi/13.2.1/../../../arm-none-eabi/lib/thumb/v6-m/nofp/libg.a(libc_a-mktime.o) (__tz_lock)
/usr/lib/gcc/arm-none-eabi/13.2.1/../../../arm-none-eabi/lib/thumb/v6-m/nofp/libg.a(libc_a-atexit.o)
                              /usr/lib/gcc/arm-none-eabi/13.2.1/../../../arm-none-eabi/lib/thumb/v6-m/nofp/crt0.o (atexit)
/usr/lib/gcc/arm-none-eabi/13.2.1/../../../arm-none-eabi/lib/thumb/v6-m/nofp/libg.a(libc_a-lcltime_r.o)
                              CMakeFiles/main.dir/opt/pico-sdk/src/common/pico_util/datetime.c.obj (localtime_r)
/usr/lib/gcc/arm-none-eabi/13.2.1/../../../arm-none-eabi/lib/thumb/v6-m/nofp/libg.a(libc_a-strlen-stub.o)
                              CMakeFiles/main.dir/opt/pico-sdk/src/rp2_common/pico_stdio/stdio.c.obj (strlen)
/usr/lib/gcc/arm-none-eabi/13.2.1/../../../arm-none-eabi/lib/thumb/v6-m/nofp/libg.a(libc_a-sbrkr.o)
                              /usr/lib/gcc/arm-none-eabi/13.2.1/../../../arm-none-eabi/lib/thumb/v6-m/nofp/libg.a(libc_a-mallocr.o) (_sbrk_r)
/usr/lib/gcc/arm-none-eabi/13.2.1/../../../arm-none-eabi/lib/thumb/v6-m/nofp/libg.a(libc_a-fini.o)
                              /usr/lib/gcc/arm-none-eabi/13.2.1/../../../arm-none-eabi/lib/thumb/v6-m/nofp/crt0.o (__libc_fini_array)
/usr/lib/gcc/arm-none-eabi/13.2.1/../../../arm-none-eabi/lib/thumb/v6-m/nofp/libg.a(libc_a-fwalk.o)
[...]
Memory Configuration

Name             Origin             Length             Attributes
FLASH            0x10000000         0x00200000         xr
RAM              0x20000000         0x00040000         xrw
SCRATCH_X        0x20040000         0x00001000         xrw
SCRATCH_Y        0x20041000         0x00001000         xrw
*default*        0x00000000         0xffffffff

Linker script and memory map

LOAD /usr/lib/gcc/arm-none-eabi/13.2.1/thumb/v6-m/nofp/crti.o
LOAD /usr/lib/gcc/arm-none-eabi/13.2.1/thumb/v6-m/nofp/crtbegin.o
LOAD /usr/lib/gcc/arm-none-eabi/13.2.1/../../../arm-none-eabi/lib/thumb/v6-m/nofp/crt0.o

.flash_begin    0x10000000        0x0
                0x10000000                        __flash_binary_start = .

.boot2          0x10000000      0x100
                0x10000000                        __boot2_start__ = .
 *(.boot2)
 .boot2         0x10000000      0x100 /tmp/ccaMVfA1.o
                0x10000100                        __boot2_end__ = .
                0x00000001                        ASSERT (((__boot2_end__ - __boot2_start__) == 0x100), ERROR: Pico second stage bootloader must be 256 bytes in size)

.text           0x10000100     0x3bb4
                0x10000100                        __logical_binary_start = .
 *(.vectors)
 .vectors       0x10000100       0xd4 CMakeFiles/main.dir/opt/pico-sdk/src/rp2_common/pico_crt0/crt0.S.obj
                0x10000100                __vectors
                0x10000100                __VECTOR_TABLE
                0x100001c0                isr_invalid
                0x100001c0                __default_isrs_start
                0x100001c2                isr_nmi
                0x100001c4                isr_hardfault
                0x100001c6                isr_svcall
                0x100001c8                isr_pendsv
                0x100001ca                isr_systick
                0x100001cc                isr_irq30
                0x100001cc                __unhandled_user_irq
                0x100001cc                isr_irq13
                0x100001cc                isr_irq27
                0x100001cc                isr_irq31
                0x100001cc                isr_irq5
                0x100001cc                isr_irq11
                0x100001cc                isr_irq23
                0x100001cc                isr_irq18
                0x100001cc                isr_irq28
                0x100001cc                isr_irq19
                0x100001cc                isr_irq0
                0x100001cc                isr_irq6
                0x100001cc                isr_irq22
                0x100001cc                isr_irq17
                0x100001cc                isr_irq14
                0x100001cc                isr_irq2
                0x100001cc                isr_irq10
                0x100001cc                isr_irq8
                0x100001cc                isr_irq24
                0x100001cc                isr_irq1
                0x100001cc                isr_irq7
                0x100001cc                isr_irq21
                0x100001cc                isr_irq20
                0x100001cc                isr_irq15
                0x100001cc                isr_irq25
                0x100001cc                isr_irq4
                0x100001cc                isr_irq16
                0x100001cc                isr_irq29
                0x100001cc                isr_irq26
                0x100001cc                __default_isrs_end
                0x100001cc                isr_irq3
                0x100001cc                isr_irq12
                0x100001cc                isr_irq9
                0x100001d2                unhandled_user_irq_num_in_r0
 *(.binary_info_header)
 .binary_info_header
                0x100001d4       0x14 CMakeFiles/main.dir/opt/pico-sdk/src/rp2_common/pico_crt0/crt0.S.obj
                0x100001e8                        __binary_info_header_end = .
 *(.embedded_block)
                0x100001e8                        __embedded_block_end = .
 *(.reset)
 .reset         0x100001e8       0x9c CMakeFiles/main.dir/opt/pico-sdk/src/rp2_common/pico_crt0/crt0.S.obj
                0x100001e8                _entry_point
 *(.init)
 .init          0x10000284        0x4 /usr/lib/gcc/arm-none-eabi/13.2.1/thumb/v6-m/nofp/crti.o
                0x10000284                _init
 *(EXCLUDE_FILE(*libm.a: *libc.a:*lib_a-mem*.o *libgcc.a:) .text*)
 .text          0x10000288       0x98 /usr/lib/gcc/arm-none-eabi/13.2.1/thumb/v6-m/nofp/crtbegin.o
 .text.startup.main
                0x10000320       0x38 CMakeFiles/main.dir/main.c.obj
                0x10000320                main
 .text.gpio_init
                0x10000358       0x40 CMakeFiles/main.dir/opt/pico-sdk/src/rp2_common/hardware_gpio/gpio.c.obj
                0x10000358                gpio_init
 .text.panic    0x10000398       0x30 CMakeFiles/main.dir/opt/pico-sdk/src/rp2_common/pico_platform_panic/panic.c.obj
                0x10000398                panic
 .text.hw_claim_or_assert
                0x100003c8       0x44 CMakeFiles/main.dir/opt/pico-sdk/src/common/hardware_claim/claim.c.obj
                0x100003c8                hw_claim_or_assert
 .text.next_striped_spin_lock_num
                0x1000040c       0x18 CMakeFiles/main.dir/opt/pico-sdk/src/rp2_common/hardware_sync/sync.c.obj
                0x1000040c                next_striped_spin_lock_num
 .text.spin_locks_reset
                0x10000424       0x1c CMakeFiles/main.dir/opt/pico-sdk/src/rp2_common/hardware_sync_spin_lock/sync_spin_lock.c.obj
                0x10000424                spin_locks_reset
 .text.runtime_init_per_core_irq_priorities
                0x10000440       0x24 CMakeFiles/main.dir/opt/pico-sdk/src/rp2_common/hardware_irq/irq.c.obj
                0x10000440                runtime_init_per_core_irq_priorities
 .text.irq_set_enabled
                0x10000464       0x24 CMakeFiles/main.dir/opt/pico-sdk/src/rp2_common/hardware_irq/irq.c.obj
                0x10000464                irq_set_enabled
 .text.irq_set_exclusive_handler
                0x10000488       0x54 CMakeFiles/main.dir/opt/pico-sdk/src/rp2_common/hardware_irq/irq.c.obj
                0x10000488                irq_set_exclusive_handler
 .text.lock_init
                0x100004dc       0x10 CMakeFiles/main.dir/opt/pico-sdk/src/common/pico_sync/lock_core.c.obj
                0x100004dc                lock_init
 .text.runtime_init_mutex
                0x100004ec       0x50 CMakeFiles/main.dir/opt/pico-sdk/src/common/pico_sync/mutex.c.obj
                0x100004ec                runtime_init_mutex
 .text.sleep_until_callback
                0x1000053c       0x30 CMakeFiles/main.dir/opt/pico-sdk/src/common/pico_time/time.c.obj
 .text.alarm_pool_irq_handler
                0x1000056c      0x2e4 CMakeFiles/main.dir/opt/pico-sdk/src/common/pico_time/time.c.obj
 .text.runtime_init_default_alarm_pool
                0x10000850       0xdc CMakeFiles/main.dir/opt/pico-sdk/src/common/pico_time/time.c.obj
                0x10000850                runtime_init_default_alarm_pool
 .text.alarm_pool_add_alarm_at_force_in_context
                0x1000092c       0xb0 CMakeFiles/main.dir/opt/pico-sdk/src/common/pico_time/time.c.obj
                0x1000092c                alarm_pool_add_alarm_at_force_in_context
 .text.alarm_pool_cancel_alarm
                0x100009dc       0x74 CMakeFiles/main.dir/opt/pico-sdk/src/common/pico_time/time.c.obj
                0x100009dc                alarm_pool_cancel_alarm
 .text.sleep_until
                0x10000a50       0xd8 CMakeFiles/main.dir/opt/pico-sdk/src/common/pico_time/time.c.obj
                0x10000a50                sleep_until
 .text.sleep_ms
                0x10000b28       0x38 CMakeFiles/main.dir/opt/pico-sdk/src/common/pico_time/time.c.obj
                0x10000b28                sleep_ms
 .text.best_effort_wfe_or_timeout
                0x10000b60      0x134 CMakeFiles/main.dir/opt/pico-sdk/src/common/pico_time/time.c.obj
                0x10000b60                best_effort_wfe_or_timeout
 .text.timer_hardware_alarm_claim
                0x10000c94       0x14 CMakeFiles/main.dir/opt/pico-sdk/src/rp2_common/hardware_timer/timer.c.obj
                0x10000c94                timer_hardware_alarm_claim
 .text.timer_time_us_64
                0x10000ca8       0x10 CMakeFiles/main.dir/opt/pico-sdk/src/rp2_common/hardware_timer/timer.c.obj
                0x10000ca8                timer_time_us_64
 .text.time_us_64
                0x10000cb8       0x14 CMakeFiles/main.dir/opt/pico-sdk/src/rp2_common/hardware_timer/timer.c.obj
                0x10000cb8                time_us_64
 .text.busy_wait_until
                0x10000ccc       0x20 CMakeFiles/main.dir/opt/pico-sdk/src/rp2_common/hardware_timer/timer.c.obj
                0x10000ccc                busy_wait_until
 .text.clock_configure_int_divider
                0x10000cec       0xf4 CMakeFiles/main.dir/opt/pico-sdk/src/rp2_common/hardware_clocks/clocks.c.obj
                0x10000cec                clock_configure_int_divider
 .text.clock_configure_undivided
                0x10000de0       0xe8 CMakeFiles/main.dir/opt/pico-sdk/src/rp2_common/hardware_clocks/clocks.c.obj
                0x10000de0                clock_configure_undivided
 .text.clock_get_hz
                0x10000ec8        0xc CMakeFiles/main.dir/opt/pico-sdk/src/rp2_common/hardware_clocks/clocks.c.obj
                0x10000ec8                clock_get_hz
 .text.pll_init
                0x10000ed4       0xa4 CMakeFiles/main.dir/opt/pico-sdk/src/rp2_common/hardware_pll/pll.c.obj
                0x10000ed4                pll_init
 .text.tick_start
                0x10000f78       0x10 CMakeFiles/main.dir/opt/pico-sdk/src/rp2_common/hardware_ticks/ticks.c.obj
                0x10000f78                tick_start
 .text.xosc_init
                0x10000f88       0x28 CMakeFiles/main.dir/opt/pico-sdk/src/rp2_common/hardware_xosc/xosc.c.obj
                0x10000f88                xosc_init
 .text.first_per_core_initializer
                0x10000fb0        0x4 CMakeFiles/main.dir/opt/pico-sdk/src/rp2_common/pico_runtime/runtime.c.obj
 .text.hard_assertion_failure
                0x10000fb4        0xc CMakeFiles/main.dir/opt/pico-sdk/src/rp2_common/pico_runtime/runtime.c.obj
                0x10000fb4                hard_assertion_failure
 .text.runtime_run_initializers
                0x10000fc0       0x28 CMakeFiles/main.dir/opt/pico-sdk/src/rp2_common/pico_runtime/runtime.c.obj
                0x10000fc0                runtime_run_initializers
 .text.runtime_init_early_resets
                0x10000fe8       0x2c CMakeFiles/main.dir/opt/pico-sdk/src/rp2_common/pico_runtime_init/runtime_init.c.obj
                0x10000fe8                runtime_init_early_resets
 .text.runtime_init_usb_power_down
                0x10001014       0x1c CMakeFiles/main.dir/opt/pico-sdk/src/rp2_common/pico_runtime_init/runtime_init.c.obj
                0x10001014                runtime_init_usb_power_down
 .text.runtime_init_post_clock_resets
                0x10001030       0x20 CMakeFiles/main.dir/opt/pico-sdk/src/rp2_common/pico_runtime_init/runtime_init.c.obj
                0x10001030                runtime_init_post_clock_resets
 .text.runtime_init_rp2040_gpio_ie_disable
                0x10001050       0x14 CMakeFiles/main.dir/opt/pico-sdk/src/rp2_common/pico_runtime_init/runtime_init.c.obj
                0x10001050                runtime_init_rp2040_gpio_ie_disable
 .text.runtime_init_spin_locks_reset
                0x10001064        0x8 CMakeFiles/main.dir/opt/pico-sdk/src/rp2_common/pico_runtime_init/runtime_init.c.obj
                0x10001064                runtime_init_spin_locks_reset
 .text.runtime_init_install_ram_vector_table
                0x1000106c       0x1c CMakeFiles/main.dir/opt/pico-sdk/src/rp2_common/pico_runtime_init/runtime_init.c.obj
                0x1000106c                runtime_init_install_ram_vector_table
 .text.runtime_init_clocks
                0x10001088       0xd8 CMakeFiles/main.dir/opt/pico-sdk/src/rp2_common/pico_runtime_init/runtime_init_clocks.c.obj
                0x10001088                runtime_init_clocks
 .text          0x10001160       0x10 CMakeFiles/main.dir/opt/pico-sdk/src/rp2_common/pico_bit_ops/bit_ops_aeabi.S.obj
 .text.rom_func_lookup
                0x10001170       0x10 CMakeFiles/main.dir/opt/pico-sdk/src/rp2_common/pico_bootrom/bootrom.c.obj
                0x10001170                rom_func_lookup
 .text.rom_data_lookup
                0x10001180       0x10 CMakeFiles/main.dir/opt/pico-sdk/src/rp2_common/pico_bootrom/bootrom.c.obj
                0x10001180                rom_data_lookup
 .text.rom_funcs_lookup
                0x10001190       0x44 CMakeFiles/main.dir/opt/pico-sdk/src/rp2_common/pico_bootrom/bootrom.c.obj
                0x10001190                rom_funcs_lookup
 .text.__wrap___aeabi_idiv
                0x100011d4       0x50 CMakeFiles/main.dir/opt/pico-sdk/src/rp2_common/pico_divider/divider_hardware.S.obj
                0x100011d4                __wrap___aeabi_idivmod
                0x100011d4                divmod_s32s32
                0x100011d4                div_s32s32
                0x100011d4                __wrap___aeabi_idiv
                0x100011dc                divmod_s32s32_unsafe
                0x10001208                divmod_s32s32_savestate
 .text.__wrap___aeabi_uidiv
                0x10001224       0x4c CMakeFiles/main.dir/opt/pico-sdk/src/rp2_common/pico_divider/divider_hardware.S.obj
                0x10001224                __wrap___aeabi_uidiv
                0x10001224                __wrap___aeabi_uidivmod
                0x10001224                div_u32u32
                0x10001224                divmod_u32u32
                0x1000122c                divmod_u32u32_unsafe
                0x10001254                divmod_u32u32_savestate
 .text.__wrap___aeabi_ldiv
                0x10001270      0x424 CMakeFiles/main.dir/opt/pico-sdk/src/rp2_common/pico_divider/divider_hardware.S.obj
                0x10001270                div_s64s64
                0x10001270                divmod_s64s64
                0x10001270                __wrap___aeabi_ldivmod
                0x100012a0                div_u64u64
                0x100012a0                divmod_u64u64
                0x100012a0                __wrap___aeabi_uldivmod
                0x100012b0                divmod_u64u64_savestate
                0x100012d0                divmod_s64s64_unsafe
                0x10001358                divmod_u64u64_unsafe
 .text.__wrap___aeabi_darithmetic
                0x10001694       0x80 CMakeFiles/main.dir/opt/pico-sdk/src/rp2_common/pico_double/double_aeabi_rp2040.S.obj
                0x10001694                __wrap___aeabi_drsub
                0x1000169a                __wrap___aeabi_dsub
                0x100016ac                __wrap___aeabi_dadd
                0x100016be                __wrap___aeabi_ddiv
                0x100016fa                __wrap___aeabi_dmul
 .text.__wrap___aeabi_cdcmple
                0x10001714       0x6c CMakeFiles/main.dir/opt/pico-sdk/src/rp2_common/pico_double/double_aeabi_rp2040.S.obj
                0x10001714                __wrap___aeabi_cdrcmple
                0x10001724                __wrap___aeabi_cdcmple
                0x10001724                __wrap___aeabi_cdcmpeq
 .text.__wrap___aeabi_dcmplt
                0x10001780        0xc CMakeFiles/main.dir/opt/pico-sdk/src/rp2_common/pico_double/double_aeabi_rp2040.S.obj
                0x10001780                __wrap___aeabi_dcmplt
 .text.__wrap___aeabi_dcmpge
                0x1000178c       0x10 CMakeFiles/main.dir/opt/pico-sdk/src/rp2_common/pico_double/double_aeabi_rp2040.S.obj
                0x1000178c                __wrap___aeabi_dcmpge
 .text.__wrap___aeabi_dcmpgt
                0x1000179c        0xa CMakeFiles/main.dir/opt/pico-sdk/src/rp2_common/pico_double/double_aeabi_rp2040.S.obj
                0x1000179c                __wrap___aeabi_dcmpgt
 .text.__wrap___aeabi_dcmpun
                0x100017a6       0x18 CMakeFiles/main.dir/opt/pico-sdk/src/rp2_common/pico_double/double_aeabi_rp2040.S.obj
                0x100017a6                __wrap___aeabi_dcmpun
 *fill*         0x100017be        0x2 
 .text.__wrap___aeabi_i2d
                0x100017c0       0x38 CMakeFiles/main.dir/opt/pico-sdk/src/rp2_common/pico_double/double_aeabi_rp2040.S.obj
                0x100017c0                __wrap___aeabi_ui2d
                0x100017c8                __wrap___aeabi_i2d
 .text.__wrap___aeabi_d2iz
                0x100017f8       0x48 CMakeFiles/main.dir/opt/pico-sdk/src/rp2_common/pico_double/double_aeabi_rp2040.S.obj
                0x100017f8                __wrap___aeabi_d2iz
                0x100017f8                double2int_z
 .text.__wrap___aeabi_d2uiz
                0x10001840       0x18 CMakeFiles/main.dir/opt/pico-sdk/src/rp2_common/pico_double/double_aeabi_rp2040.S.obj
                0x10001840                double2uint
                0x10001840                __wrap___aeabi_d2uiz
 .text.__aeabi_double_init
                0x10001858       0xa4 CMakeFiles/main.dir/opt/pico-sdk/src/rp2_common/pico_double/double_init_rom_rp2040.c.obj
                0x10001858                __aeabi_double_init
 .text.double_table_shim_on_use_helper
                0x100018fc       0x2c CMakeFiles/main.dir/opt/pico-sdk/src/rp2_common/pico_double/double_v1_rom_shim_rp2040.S.obj
                0x100018fc                double_table_shim_on_use_helper
 .text.__wrap___aeabi_dsub
                0x10001928       0x10 CMakeFiles/main.dir/opt/pico-sdk/src/rp2_common/pico_double/double_v1_rom_shim_rp2040.S.obj
                0x10001928                drsub_shim
                0x1000192e                dsub_shim
 .text.dadd_shim
                0x10001938      0x15c CMakeFiles/main.dir/opt/pico-sdk/src/rp2_common/pico_double/double_v1_rom_shim_rp2040.S.obj
                0x10001938                dadd_shim
 .text.dmul_shim
                0x10001a94      0x15c CMakeFiles/main.dir/opt/pico-sdk/src/rp2_common/pico_double/double_v1_rom_shim_rp2040.S.obj
                0x10001a94                dmul_shim
 .text.ddiv_shim
                0x10001bf0      0x1b0 CMakeFiles/main.dir/opt/pico-sdk/src/rp2_common/pico_double/double_v1_rom_shim_rp2040.S.obj
                0x10001bf0                ddiv_shim
 .text.double2uint_shim
                0x10001da0        0xe CMakeFiles/main.dir/opt/pico-sdk/src/rp2_common/pico_double/double_v1_rom_shim_rp2040.S.obj
                0x10001da0                double2uint_shim
                0x10001da2                double2ufix_shim
 *fill*         0x10001dae        0x2 
 .text.double2uint64_shim
                0x10001db0       0x70 CMakeFiles/main.dir/opt/pico-sdk/src/rp2_common/pico_double/double_v1_rom_shim_rp2040.S.obj
                0x10001db0                double2uint64_shim
                0x10001db2                double2ufix64_shim
                0x10001dd2                d2fix_a
 .text.dunpacks
                0x10001e20       0x3c CMakeFiles/main.dir/opt/pico-sdk/src/rp2_common/pico_double/double_v1_rom_shim_rp2040.S.obj
                0x10001e20                dunpacks
 .text.__aeabi_lmul
                0x10001e5c       0x32 CMakeFiles/main.dir/opt/pico-sdk/src/rp2_common/pico_int64_ops/pico_int64_ops_aeabi.S.obj
                0x10001e5c                __wrap___aeabi_lmul
 *fill*         0x10001e8e        0x2 
 .text.__aeabi_float_init
                0x10001e90       0x64 CMakeFiles/main.dir/opt/pico-sdk/src/rp2_common/pico_float/float_init_rom_rp2040.c.obj
                0x10001e90                __aeabi_float_init
 .text.float_table_shim_on_use_helper
                0x10001ef4       0x2c CMakeFiles/main.dir/opt/pico-sdk/src/rp2_common/pico_float/float_v1_rom_shim_rp2040.S.obj
                0x10001ef4                float_table_shim_on_use_helper
 .text          0x10001f20       0x10 CMakeFiles/main.dir/opt/pico-sdk/src/rp2_common/pico_mem_ops/mem_ops_aeabi.S.obj
                0x10001f20                __aeabi_mem_init
 .text.memcpy   0x10001f30        0xc CMakeFiles/main.dir/opt/pico-sdk/src/rp2_common/pico_mem_ops/mem_ops_aeabi.S.obj
                0x10001f30                __wrap___aeabi_memcpy
                0x10001f30                __wrap_memcpy
 .text._out_null
                0x10001f3c        0x4 CMakeFiles/main.dir/opt/pico-sdk/src/rp2_common/pico_printf/printf.c.obj
 .text._out_rev
                0x10001f40       0xac CMakeFiles/main.dir/opt/pico-sdk/src/rp2_common/pico_printf/printf.c.obj
 .text._ntoa_format
                0x10001fec      0x250 CMakeFiles/main.dir/opt/pico-sdk/src/rp2_common/pico_printf/printf.c.obj
 .text._out_char
                0x1000223c       0x10 CMakeFiles/main.dir/opt/pico-sdk/src/rp2_common/pico_printf/printf.c.obj
 .text._out_fct
                0x1000224c       0x10 CMakeFiles/main.dir/opt/pico-sdk/src/rp2_common/pico_printf/printf.c.obj
 .text._etoa    0x1000225c      0x464 CMakeFiles/main.dir/opt/pico-sdk/src/rp2_common/pico_printf/printf.c.obj
 .text._ftoa    0x100026c0      0x3c0 CMakeFiles/main.dir/opt/pico-sdk/src/rp2_common/pico_printf/printf.c.obj
 .text._vsnprintf
                0x10002a80      0xbc8 CMakeFiles/main.dir/opt/pico-sdk/src/rp2_common/pico_printf/printf.c.obj
 .text.vfctprintf
                0x10003648       0x20 CMakeFiles/main.dir/opt/pico-sdk/src/rp2_common/pico_printf/printf.c.obj
                0x10003648                vfctprintf
 .text.weak_raw_vprintf
                0x10003668       0x30 CMakeFiles/main.dir/opt/pico-sdk/src/rp2_common/pico_printf/printf.c.obj
                0x10003668                weak_raw_vprintf
 .text._exit    0x10003698        0x4 CMakeFiles/main.dir/opt/pico-sdk/src/rp2_common/pico_clib_interface/newlib_interface.c.obj
                0x10003698                _exit
 .text.exit     0x1000369c        0x8 CMakeFiles/main.dir/opt/pico-sdk/src/rp2_common/pico_clib_interface/newlib_interface.c.obj
                0x1000369c                exit
 .text.runtime_init
                0x100036a4       0x2c CMakeFiles/main.dir/opt/pico-sdk/src/rp2_common/pico_clib_interface/newlib_interface.c.obj
                0x100036a4                runtime_init
 .text.stdio_out_chars_no_crlf
                0x100036d0       0x10 CMakeFiles/main.dir/opt/pico-sdk/src/rp2_common/pico_stdio/stdio.c.obj
 .text.stdio_out_chars_crlf
                0x100036e0       0x94 CMakeFiles/main.dir/opt/pico-sdk/src/rp2_common/pico_stdio/stdio.c.obj
 .text.stdio_buffered_printer
                0x10003774       0x64 CMakeFiles/main.dir/opt/pico-sdk/src/rp2_common/pico_stdio/stdio.c.obj
 .text.stdio_put_string
                0x100037d8      0x100 CMakeFiles/main.dir/opt/pico-sdk/src/rp2_common/pico_stdio/stdio.c.obj
                0x100037d8                stdio_put_string
 .text.stdio_set_driver_enabled
                0x100038d8       0x30 CMakeFiles/main.dir/opt/pico-sdk/src/rp2_common/pico_stdio/stdio.c.obj
                0x100038d8                stdio_set_driver_enabled
 .text.stdio_init_all
                0x10003908        0xc CMakeFiles/main.dir/opt/pico-sdk/src/rp2_common/pico_stdio/stdio.c.obj
                0x10003908                stdio_init_all
 .text.__wrap_putchar
                0x10003914       0x98 CMakeFiles/main.dir/opt/pico-sdk/src/rp2_common/pico_stdio/stdio.c.obj
                0x10003914                stdio_putchar
                0x10003914                __wrap_putchar
 .text.__wrap_puts
                0x100039ac       0x3c CMakeFiles/main.dir/opt/pico-sdk/src/rp2_common/pico_stdio/stdio.c.obj
                0x100039ac                __wrap_puts
                0x100039ac                stdio_puts
 .text.__wrap_vprintf
                0x100039e8       0xd4 CMakeFiles/main.dir/opt/pico-sdk/src/rp2_common/pico_stdio/stdio.c.obj
                0x100039e8                __wrap_vprintf
                0x100039e8                stdio_vprintf
 .text.__wrap_printf
                0x10003abc       0x18 CMakeFiles/main.dir/opt/pico-sdk/src/rp2_common/pico_stdio/stdio.c.obj
                0x10003abc                stdio_printf
                0x10003abc                __wrap_printf
 .text.stdio_semihosting_out_chars
                0x10003ad4       0x18 CMakeFiles/main.dir/opt/pico-sdk/src/rp2_common/pico_stdio_semihosting/stdio_semihosting.c.obj
 .text.stdio_semihosting_init
                0x10003aec       0x18 CMakeFiles/main.dir/opt/pico-sdk/src/rp2_common/pico_stdio_semihosting/stdio_semihosting.c.obj
                0x10003aec                stdio_semihosting_init
 .text          0x10003b04       0x10 /usr/lib/gcc/arm-none-eabi/13.2.1/../../../arm-none-eabi/lib/thumb/v6-m/nofp/libg.a(libc_a-atexit.o)
                0x10003b04                atexit
 .text          0x10003b14       0x5c /usr/lib/gcc/arm-none-eabi/13.2.1/../../../arm-none-eabi/lib/thumb/v6-m/nofp/libg.a(libc_a-strlen-stub.o)
                0x10003b14                strlen
 .text          0x10003b70       0x28 /usr/lib/gcc/arm-none-eabi/13.2.1/../../../arm-none-eabi/lib/thumb/v6-m/nofp/libg.a(libc_a-fini.o)
                0x10003b70                __libc_fini_array
 .text          0x10003b98       0x78 /usr/lib/gcc/arm-none-eabi/13.2.1/../../../arm-none-eabi/lib/thumb/v6-m/nofp/libg.a(libc_a-__atexit.o)
                0x10003b98                __register_exitproc
 .text.startup  0x10003c10       0x18 /usr/lib/gcc/arm-none-eabi/13.2.1/../../../arm-none-eabi/lib/thumb/v6-m/nofp/libg.a(libc_a-__call_atexit.o)
 *(.fini)
 .fini          0x10003c28        0x4 /usr/lib/gcc/arm-none-eabi/13.2.1/thumb/v6-m/nofp/crti.o
                0x10003c28                _fini
 *fill*         0x10003c2c        0x4 
 .fini.__stub   0x10003c30       0x40 linker stubs
 *crtbegin.o(.ctors)
 *crtbegin?.o(.ctors)
 *(EXCLUDE_FILE(*crtend.o *crtend?.o) .ctors)
 *(SORT_BY_NAME(.ctors.*))
 *(.ctors)
 *crtbegin.o(.dtors)
 *crtbegin?.o(.dtors)
 *(EXCLUDE_FILE(*crtend.o *crtend?.o) .dtors)
 *(SORT_BY_NAME(.dtors.*))
 *(.dtors)
                0x10003c70                        . = ALIGN (0x4)
                0x10003c70                        PROVIDE (__preinit_array_start = .)
 *(SORT_BY_NAME(.preinit_array.*))
 .preinit_array.00100
                0x10003c70        0x4 CMakeFiles/main.dir/opt/pico-sdk/src/rp2_common/pico_runtime_init/runtime_init.c.obj
                0x10003c70                __pre_init_runtime_init_early_resets
 .preinit_array.00101
                0x10003c74        0x4 CMakeFiles/main.dir/opt/pico-sdk/src/rp2_common/pico_runtime_init/runtime_init.c.obj
                0x10003c74                __pre_init_runtime_init_usb_power_down
 .preinit_array.00275
                0x10003c78        0x4 CMakeFiles/main.dir/opt/pico-sdk/src/rp2_common/pico_bit_ops/bit_ops_aeabi.S.obj
 .preinit_array.00300
                0x10003c7c        0x4 CMakeFiles/main.dir/opt/pico-sdk/src/rp2_common/pico_mem_ops/mem_ops_aeabi.S.obj
 .preinit_array.00350
                0x10003c80        0x4 CMakeFiles/main.dir/opt/pico-sdk/src/rp2_common/pico_double/double_aeabi_rp2040.S.obj
 .preinit_array.00350
                0x10003c84        0x4 CMakeFiles/main.dir/opt/pico-sdk/src/rp2_common/pico_float/float_aeabi_rp2040.S.obj
 .preinit_array.00500
                0x10003c88        0x4 CMakeFiles/main.dir/opt/pico-sdk/src/rp2_common/pico_runtime_init/runtime_init.c.obj
                0x10003c88                __pre_init_runtime_init_clocks
 .preinit_array.00600
                0x10003c8c        0x4 CMakeFiles/main.dir/opt/pico-sdk/src/rp2_common/pico_runtime_init/runtime_init.c.obj
                0x10003c8c                __pre_init_runtime_init_post_clock_resets
 .preinit_array.00700
                0x10003c90        0x4 CMakeFiles/main.dir/opt/pico-sdk/src/rp2_common/pico_runtime_init/runtime_init.c.obj
                0x10003c90                __pre_init_runtime_init_rp2040_gpio_ie_disable
 .preinit_array.01000
                0x10003c94        0x4 CMakeFiles/main.dir/opt/pico-sdk/src/rp2_common/pico_runtime_init/runtime_init.c.obj
                0x10003c94                __pre_init_runtime_init_spin_locks_reset
 .preinit_array.01100
                0x10003c98        0x4 CMakeFiles/main.dir/opt/pico-sdk/src/common/pico_sync/mutex.c.obj
                0x10003c98                __pre_init_runtime_init_mutex
 .preinit_array.10080
                0x10003c9c        0x4 CMakeFiles/main.dir/opt/pico-sdk/src/rp2_common/pico_runtime_init/runtime_init.c.obj
                0x10003c9c                __pre_init_runtime_init_install_ram_vector_table
 .preinit_array.11000
                0x10003ca0        0x4 CMakeFiles/main.dir/opt/pico-sdk/src/common/pico_time/time.c.obj
                0x10003ca0                __pre_init_runtime_init_default_alarm_pool
 .preinit_array.YYYYY
                0x10003ca4        0x4 CMakeFiles/main.dir/opt/pico-sdk/src/rp2_common/pico_runtime/runtime.c.obj
                0x10003ca4                __pre_init_first_per_core_initializer
 .preinit_array.ZZZZZ.01200
                0x10003ca8        0x4 CMakeFiles/main.dir/opt/pico-sdk/src/rp2_common/hardware_irq/irq.c.obj
                0x10003ca8                __pre_init_runtime_init_per_core_irq_priorities
 *(.preinit_array)
                0x10003cac                        PROVIDE (__preinit_array_end = .)
                0x10003cac                        . = ALIGN (0x4)
                0x10003cac                        PROVIDE (__init_array_start = .)
 *(SORT_BY_NAME(.init_array.*))
 .init_array.00000
                0x10003cac        0x4 /usr/lib/gcc/arm-none-eabi/13.2.1/../../../arm-none-eabi/lib/thumb/v6-m/nofp/libg.a(libc_a-__call_atexit.o)
 *(.init_array)
 .init_array    0x10003cb0        0x4 /usr/lib/gcc/arm-none-eabi/13.2.1/thumb/v6-m/nofp/crtbegin.o
                0x10003cb4                        PROVIDE (__init_array_end = .)
                0x10003cb4                        . = ALIGN (0x4)
                0x10003cb4                        PROVIDE (__fini_array_start = .)
 *(SORT_BY_NAME(.fini_array.*))
 *(.fini_array)
                0x10003cb4                        PROVIDE (__fini_array_end = .)
 *(.eh_frame*)
 .eh_frame      0x10003cb4        0x0 /usr/lib/gcc/arm-none-eabi/13.2.1/thumb/v6-m/nofp/crtbegin.o
                0x10003cb4                        . = ALIGN (0x4)

.glue_7         0x10003cb4        0x0
 .glue_7        0x10003cb4        0x0 linker stubs

.glue_7t        0x10003cb4        0x0
 .glue_7t       0x10003cb4        0x0 linker stubs

.vfp11_veneer   0x10003cb4        0x0
 .vfp11_veneer  0x10003cb4        0x0 linker stubs

.v4_bx          0x10003cb4        0x0
 .v4_bx         0x10003cb4        0x0 linker stubs

.iplt           0x10003cb4        0x0
 .iplt          0x10003cb4        0x0 /usr/lib/gcc/arm-none-eabi/13.2.1/thumb/v6-m/nofp/crtbegin.o

.rodata         0x10003cb8      0x2f0
 *(EXCLUDE_FILE(*libm.a: *libc.a:*lib_a-mem*.o *libgcc.a:) .rodata*)
 .rodata.main.str1.4
                0x10003cb8       0xa7 CMakeFiles/main.dir/main.c.obj
                                  0xc (size before relaxing)
 .rodata.panic.str1.4
                0x10003d5f       0x12 CMakeFiles/main.dir/opt/pico-sdk/src/rp2_common/pico_platform_panic/panic.c.obj
 .rodata.timer_hardware_alarm_claim.str1.4
                0x10003d5f       0x22 CMakeFiles/main.dir/opt/pico-sdk/src/rp2_common/hardware_timer/timer.c.obj
 .rodata.hard_assertion_failure.str1.4
                0x10003d5f        0xc CMakeFiles/main.dir/opt/pico-sdk/src/rp2_common/pico_runtime/runtime.c.obj
 .rodata.str1.4
                0x10003d5f       0x2c CMakeFiles/main.dir/opt/pico-sdk/src/rp2_common/pico_standard_binary_info/standard_binary_info.c.obj
 *fill*         0x10003d5f        0x1 
 .rodata.__bi_84
                0x10003d60        0xc CMakeFiles/main.dir/opt/pico-sdk/src/rp2_common/pico_standard_binary_info/standard_binary_info.c.obj
 .rodata.__bi_54
                0x10003d6c        0xc CMakeFiles/main.dir/opt/pico-sdk/src/rp2_common/pico_standard_binary_info/standard_binary_info.c.obj
 .rodata.__bi_48
                0x10003d78        0xc CMakeFiles/main.dir/opt/pico-sdk/src/rp2_common/pico_standard_binary_info/standard_binary_info.c.obj
 .rodata.__bi_42
                0x10003d84        0xc CMakeFiles/main.dir/opt/pico-sdk/src/rp2_common/pico_standard_binary_info/standard_binary_info.c.obj
 .rodata.__bi_34
                0x10003d90        0xc CMakeFiles/main.dir/opt/pico-sdk/src/rp2_common/pico_standard_binary_info/standard_binary_info.c.obj
 .rodata.__bi_26
                0x10003d9c        0xc CMakeFiles/main.dir/opt/pico-sdk/src/rp2_common/pico_standard_binary_info/standard_binary_info.c.obj
 .rodata._ftoa.str1.4
                0x10003da8       0x15 CMakeFiles/main.dir/opt/pico-sdk/src/rp2_common/pico_printf/printf.c.obj
 .rodata._vsnprintf
                0x10003da8      0x19c CMakeFiles/main.dir/opt/pico-sdk/src/rp2_common/pico_printf/printf.c.obj
 *fill*         0x10003f44        0x4 
 .rodata.pow10.0
                0x10003f48       0x50 CMakeFiles/main.dir/opt/pico-sdk/src/rp2_common/pico_printf/printf.c.obj
 .rodata.crlf_str.0
                0x10003f98        0x2 CMakeFiles/main.dir/opt/pico-sdk/src/rp2_common/pico_stdio/stdio.c.obj
 .rodata.str1.4
                0x10003f9a       0x13 CMakeFiles/main.dir/opt/pico-sdk/src/rp2_common/pico_stdio_semihosting/stdio_semihosting.c.obj
 *fill*         0x10003f9a        0x2 
 .rodata.__bi_70.0
                0x10003f9c        0xc CMakeFiles/main.dir/opt/pico-sdk/src/rp2_common/pico_stdio_semihosting/stdio_semihosting.c.obj
                0x10003fa8                        . = ALIGN (0x4)
 *(SORT_BY_ALIGNMENT(SORT_BY_NAME(.flashdata*)))
                0x10003fa8                        . = ALIGN (0x4)

.ARM.extab
 *(.ARM.extab* .gnu.linkonce.armextab.*)
                0x10003fa8                        __exidx_start = .

.ARM.exidx
 *(.ARM.exidx* .gnu.linkonce.armexidx.*)
                0x10003fa8                        __exidx_end = .
                0x10003fa8                        . = ALIGN (0x4)
                0x10003fa8                        __binary_info_start = .

.binary_info    0x10003fa8       0x1c
 *(.binary_info.keep.*)
 .binary_info.keep.__bi_ptr84
                0x10003fa8        0x4 CMakeFiles/main.dir/opt/pico-sdk/src/rp2_common/pico_standard_binary_info/standard_binary_info.c.obj
 .binary_info.keep.__bi_ptr54
                0x10003fac        0x4 CMakeFiles/main.dir/opt/pico-sdk/src/rp2_common/pico_standard_binary_info/standard_binary_info.c.obj
 .binary_info.keep.__bi_ptr48
                0x10003fb0        0x4 CMakeFiles/main.dir/opt/pico-sdk/src/rp2_common/pico_standard_binary_info/standard_binary_info.c.obj
 .binary_info.keep.__bi_ptr42
                0x10003fb4        0x4 CMakeFiles/main.dir/opt/pico-sdk/src/rp2_common/pico_standard_binary_info/standard_binary_info.c.obj
 .binary_info.keep.__bi_ptr34
                0x10003fb8        0x4 CMakeFiles/main.dir/opt/pico-sdk/src/rp2_common/pico_standard_binary_info/standard_binary_info.c.obj
 .binary_info.keep.__bi_ptr26
                0x10003fbc        0x4 CMakeFiles/main.dir/opt/pico-sdk/src/rp2_common/pico_standard_binary_info/standard_binary_info.c.obj
 *(.binary_info.*)
 .binary_info.__bi_ptr70
                0x10003fc0        0x4 CMakeFiles/main.dir/opt/pico-sdk/src/rp2_common/pico_stdio_semihosting/stdio_semihosting.c.obj
                0x10003fc4                        __binary_info_end = .

.rel.dyn        0x10003fc4        0x0
 .rel.iplt      0x10003fc4        0x0 /usr/lib/gcc/arm-none-eabi/13.2.1/thumb/v6-m/nofp/crtbegin.o
                0x10003fc4                        . = ALIGN (0x4)

.ram_vector_table
                0x20000000       0xc0
 *(.ram_vector_table)
 .ram_vector_table
                0x20000000       0xc0 CMakeFiles/main.dir/opt/pico-sdk/src/rp2_common/pico_runtime_init/runtime_init.c.obj
                0x20000000                ram_vector_table

.uninitialized_data
                0x200000c0        0x0
                0x200000c0                        . = ALIGN (0x4)
 *(.uninitialized_data*)

.data           0x200000c0      0x140 load address 0x10003fc4
                0x200000c0                        __data_start__ = .
 *(vtable)
 *(.time_critical*)
 .time_critical.mutex_try_enter_block_until
                0x200000c0       0x9c CMakeFiles/main.dir/opt/pico-sdk/src/common/pico_sync/mutex.c.obj
                0x200000c0                mutex_try_enter_block_until
 .time_critical.mutex_exit
                0x2000015c       0x28 CMakeFiles/main.dir/opt/pico-sdk/src/common/pico_sync/mutex.c.obj
                0x2000015c                mutex_exit
 *(.text*)
 .text          0x20000184        0x4 /usr/lib/gcc/arm-none-eabi/13.2.1/thumb/v6-m/nofp/libgcc.a(_dvmd_tls.o)
                0x20000184                __aeabi_ldiv0
                0x20000184                __aeabi_idiv0
 .text.__stub   0x20000188       0x10 linker stubs
                0x20000198                        . = ALIGN (0x4)
 *(.rodata*)
                0x20000198                        . = ALIGN (0x4)
 *(.data*)
 .data.striped_spin_lock_num
                0x20000198        0x1 CMakeFiles/main.dir/opt/pico-sdk/src/rp2_common/hardware_sync/sync.c.obj
 *fill*         0x20000199        0x3 
 .data.default_alarm_pool
                0x2000019c       0x18 CMakeFiles/main.dir/opt/pico-sdk/src/common/pico_time/time.c.obj
 *fill*         0x200001b4        0xc 
 .data.aeabi_bits_funcs
                0x200001c0       0x10 CMakeFiles/main.dir/opt/pico-sdk/src/rp2_common/pico_bit_ops/bit_ops_aeabi.S.obj
                0x200001c0                aeabi_bits_funcs
                0x200001d0                aeabi_bits_funcs_end
 .data.aeabi_mem_funcs
                0x200001d0       0x10 CMakeFiles/main.dir/opt/pico-sdk/src/rp2_common/pico_mem_ops/mem_ops_aeabi.S.obj
                0x200001d0                aeabi_mem_funcs
                0x200001e0                aeabi_mem_funcs_end
 .data.stdio_semihosting
                0x200001e0       0x18 CMakeFiles/main.dir/opt/pico-sdk/src/rp2_common/pico_stdio_semihosting/stdio_semihosting.c.obj
                0x200001e0                stdio_semihosting
                0x200001f8                        . = ALIGN (0x4)
 *(.after_data.*)
                0x200001f8                        . = ALIGN (0x4)
                0x200001f8                        PROVIDE (__mutex_array_start = .)
 *(SORT_BY_NAME(.mutex_array.*))
 *(.mutex_array)
 .mutex_array   0x200001f8        0x8 CMakeFiles/main.dir/opt/pico-sdk/src/rp2_common/pico_stdio/stdio.c.obj
                0x20000200                        PROVIDE (__mutex_array_end = .)
                0x20000200                        . = ALIGN (0x4)
 *(.jcr)
                0x20000200                        . = ALIGN (0x4)

.tm_clone_table
                0x20000200        0x0 load address 0x10004104
 .tm_clone_table
                0x20000200        0x0 /usr/lib/gcc/arm-none-eabi/13.2.1/thumb/v6-m/nofp/crtbegin.o
 .tm_clone_table
                0x20000200        0x0 /usr/lib/gcc/arm-none-eabi/13.2.1/thumb/v6-m/nofp/crtend.o

.igot.plt       0x20000200        0x0 load address 0x10004104
 .igot.plt      0x20000200        0x0 /usr/lib/gcc/arm-none-eabi/13.2.1/thumb/v6-m/nofp/crtbegin.o

.tdata          0x20000200        0x0 load address 0x10004104
                0x20000200                        . = ALIGN (0x4)
 *(.tdata .tdata.* .gnu.linkonce.td.*)
                0x20000200                        __tdata_end = .
                0x20000200                        PROVIDE (__data_end__ = .)
                0x10003fc4                        __etext = LOADADDR (.data)

.tbss           0x20000200        0x0 load address 0x10004104
                0x20000200                        . = ALIGN (0x4)
                0x20000200                        __bss_start__ = .
                0x20000200                        __tls_base = .
 *(.tbss .tbss.* .gnu.linkonce.tb.*)
 *(.tcommon)
                0x20000200                        __tls_end = .

.bss            0x20000200      0x580 load address 0x10004104
                0x20000200                        . = ALIGN (0x4)
                0x20000200                        __tbss_end = .
 *(SORT_BY_ALIGNMENT(SORT_BY_NAME(.bss*)))
 .bss.default_alarm_pool_entries
                0x20000200      0x180 CMakeFiles/main.dir/opt/pico-sdk/src/common/pico_time/time.c.obj
 .bss.sd_table  0x20000380      0x100 CMakeFiles/main.dir/opt/pico-sdk/src/rp2_common/pico_double/double_init_rom_rp2040.c.obj
                0x20000380                sd_table
 .bss.sf_table  0x20000480      0x100 CMakeFiles/main.dir/opt/pico-sdk/src/rp2_common/pico_float/float_init_rom_rp2040.c.obj
                0x20000480                sf_table
 .bss           0x20000580       0x1c /usr/lib/gcc/arm-none-eabi/13.2.1/thumb/v6-m/nofp/crtbegin.o
 .bss           0x2000059c      0x190 /usr/lib/gcc/arm-none-eabi/13.2.1/../../../arm-none-eabi/lib/thumb/v6-m/nofp/libg.a(libc_a-__atexit.o)
                0x2000059c                __atexit0
 .bss           0x2000072c        0x4 /usr/lib/gcc/arm-none-eabi/13.2.1/../../../arm-none-eabi/lib/thumb/v6-m/nofp/libg.a(libc_a-__call_atexit.o)
                0x2000072c                __atexit
 .bss.claimed   0x20000730        0x1 CMakeFiles/main.dir/opt/pico-sdk/src/rp2_common/hardware_timer/timer.c.obj
 *fill*         0x20000731        0x3 
 .bss.configured_freq
                0x20000734       0x28 CMakeFiles/main.dir/opt/pico-sdk/src/rp2_common/hardware_clocks/clocks.c.obj
 .bss.drivers   0x2000075c        0x4 CMakeFiles/main.dir/opt/pico-sdk/src/rp2_common/pico_stdio/stdio.c.obj
 .bss.filter    0x20000760        0x4 CMakeFiles/main.dir/opt/pico-sdk/src/rp2_common/pico_stdio/stdio.c.obj
 .bss.lazy_vsnprintf
                0x20000764        0x4 CMakeFiles/main.dir/opt/pico-sdk/src/rp2_common/pico_printf/printf.c.obj
 .bss.pools     0x20000768       0x10 CMakeFiles/main.dir/opt/pico-sdk/src/common/pico_time/time.c.obj
 .bss.sf_clz_func
                0x20000778        0x4 CMakeFiles/main.dir/opt/pico-sdk/src/rp2_common/pico_double/double_init_rom_rp2040.c.obj
                0x20000778                sf_clz_func
 .bss.sleep_notifier
                0x2000077c        0x4 CMakeFiles/main.dir/opt/pico-sdk/src/common/pico_time/time.c.obj
 *(COMMON)
                0x20000780                        . = ALIGN (0x4)
                0x20000780                        __bss_end__ = .

.heap           0x20000780    0x3f880 load address 0x10004104
                0x20000780                        __end__ = .
                0x20000780                        end = __end__
 *(.heap*)
 .heap          0x20000780      0x800 CMakeFiles/main.dir/opt/pico-sdk/src/rp2_common/pico_crt0/crt0.S.obj
                0x20040000                        . = (ORIGIN (RAM) + LENGTH (RAM))
 *fill*         0x20000f80    0x3f080 
                0x20040000                        __HeapLimit = .

.scratch_x      0x20040000        0x0 load address 0x10004104
                0x20040000                        __scratch_x_start__ = .
 *(.scratch_x.*)
                0x20040000                        . = ALIGN (0x4)
                0x20040000                        __scratch_x_end__ = .
                0x10004104                        __scratch_x_source__ = LOADADDR (.scratch_x)

.scratch_y      0x20041000        0x0 load address 0x10004104
                0x20041000                        __scratch_y_start__ = .
 *(.scratch_y.*)
                0x20041000                        . = ALIGN (0x4)
                0x20041000                        __scratch_y_end__ = .
                0x10004104                        __scratch_y_source__ = LOADADDR (.scratch_y)

.stack1_dummy
 *(.stack1*)

.stack_dummy    0x20041000      0x800
 *(.stack*)
 .stack         0x20041000      0x800 CMakeFiles/main.dir/opt/pico-sdk/src/rp2_common/pico_crt0/crt0.S.obj

.flash_end      0x10004104        0x0
 *(.embedded_end_block*)
                0x10004104                        PROVIDE (__flash_binary_end = .)
                0x20040000                        __StackLimit = (ORIGIN (RAM) + LENGTH (RAM))
                0x20041000                        __StackOneTop = (ORIGIN (SCRATCH_X) + LENGTH (SCRATCH_X))
                0x20042000                        __StackTop = (ORIGIN (SCRATCH_Y) + LENGTH (SCRATCH_Y))
                0x20041000                        __StackOneBottom = (__StackOneTop - SIZEOF (.stack1_dummy))
                0x20041800                        __StackBottom = (__StackTop - SIZEOF (.stack_dummy))
                0x20042000                        PROVIDE (__stack = __StackTop)
                [!provide]                        PROVIDE (__heap_start = __end__)
                [!provide]                        PROVIDE (__heap_end = __HeapLimit)
                [!provide]                        PROVIDE (__tls_align = MAX (ALIGNOF (.tdata), ALIGNOF (.tbss)))
                [!provide]                        PROVIDE (__tls_size_align = (((__tls_size + __tls_align) - 0x1) & ~ ((__tls_align - 0x1))))
                [!provide]                        PROVIDE (__arm32_tls_tcb_offset = MAX (0x8, __tls_align))
                [!provide]                        PROVIDE (_end = __end__)
                [!provide]                        PROVIDE (__llvm_libc_heap_limit = __HeapLimit)
                0x00000001                        ASSERT ((__StackLimit >= __HeapLimit), region RAM overflowed)
                0x00000001                        ASSERT (((__binary_info_header_end - __logical_binary_start) <= 0x100), Binary info must be in first 256 bytes of the binary)
LOAD CMakeFiles/main.dir/main.c.obj
LOAD CMakeFiles/main.dir/opt/pico-sdk/src/rp2_common/pico_stdlib/stdlib.c.obj
LOAD CMakeFiles/main.dir/opt/pico-sdk/src/rp2_common/hardware_gpio/gpio.c.obj
LOAD CMakeFiles/main.dir/opt/pico-sdk/src/rp2040/pico_platform/platform.c.obj
LOAD CMakeFiles/main.dir/opt/pico-sdk/src/rp2_common/pico_platform_panic/panic.c.obj
LOAD CMakeFiles/main.dir/opt/pico-sdk/src/common/hardware_claim/claim.c.obj
LOAD CMakeFiles/main.dir/opt/pico-sdk/src/rp2_common/hardware_sync/sync.c.obj
LOAD CMakeFiles/main.dir/opt/pico-sdk/src/rp2_common/hardware_sync_spin_lock/sync_spin_lock.c.obj
LOAD CMakeFiles/main.dir/opt/pico-sdk/src/rp2_common/hardware_irq/irq.c.obj
LOAD CMakeFiles/main.dir/opt/pico-sdk/src/rp2_common/hardware_irq/irq_handler_chain.S.obj
LOAD CMakeFiles/main.dir/opt/pico-sdk/src/common/pico_sync/sem.c.obj
LOAD CMakeFiles/main.dir/opt/pico-sdk/src/common/pico_sync/lock_core.c.obj
LOAD CMakeFiles/main.dir/opt/pico-sdk/src/common/pico_sync/mutex.c.obj
LOAD CMakeFiles/main.dir/opt/pico-sdk/src/common/pico_sync/critical_section.c.obj
LOAD CMakeFiles/main.dir/opt/pico-sdk/src/common/pico_time/time.c.obj
LOAD CMakeFiles/main.dir/opt/pico-sdk/src/common/pico_time/timeout_helper.c.obj
LOAD CMakeFiles/main.dir/opt/pico-sdk/src/rp2_common/hardware_timer/timer.c.obj
LOAD CMakeFiles/main.dir/opt/pico-sdk/src/common/pico_util/datetime.c.obj
LOAD CMakeFiles/main.dir/opt/pico-sdk/src/common/pico_util/pheap.c.obj
LOAD CMakeFiles/main.dir/opt/pico-sdk/src/common/pico_util/queue.c.obj
LOAD CMakeFiles/main.dir/opt/pico-sdk/src/rp2_common/hardware_uart/uart.c.obj
LOAD CMakeFiles/main.dir/opt/pico-sdk/src/rp2_common/hardware_clocks/clocks.c.obj
LOAD CMakeFiles/main.dir/opt/pico-sdk/src/rp2_common/hardware_pll/pll.c.obj
LOAD CMakeFiles/main.dir/opt/pico-sdk/src/rp2_common/hardware_vreg/vreg.c.obj
LOAD CMakeFiles/main.dir/opt/pico-sdk/src/rp2_common/hardware_watchdog/watchdog.c.obj
LOAD CMakeFiles/main.dir/opt/pico-sdk/src/rp2_common/hardware_ticks/ticks.c.obj
LOAD CMakeFiles/main.dir/opt/pico-sdk/src/rp2_common/hardware_xosc/xosc.c.obj
LOAD CMakeFiles/main.dir/opt/pico-sdk/src/rp2_common/hardware_divider/divider.S.obj
LOAD CMakeFiles/main.dir/opt/pico-sdk/src/rp2_common/pico_runtime/runtime.c.obj
LOAD CMakeFiles/main.dir/opt/pico-sdk/src/rp2_common/pico_runtime_init/runtime_init.c.obj
LOAD CMakeFiles/main.dir/opt/pico-sdk/src/rp2_common/pico_runtime_init/runtime_init_clocks.c.obj
LOAD CMakeFiles/main.dir/opt/pico-sdk/src/rp2_common/pico_runtime_init/runtime_init_stack_guard.c.obj
LOAD CMakeFiles/main.dir/opt/pico-sdk/src/rp2_common/pico_bit_ops/bit_ops_aeabi.S.obj
LOAD CMakeFiles/main.dir/opt/pico-sdk/src/rp2_common/pico_bootrom/bootrom.c.obj
LOAD CMakeFiles/main.dir/opt/pico-sdk/src/rp2_common/pico_bootrom/bootrom_lock.c.obj
LOAD CMakeFiles/main.dir/opt/pico-sdk/src/rp2_common/hardware_boot_lock/boot_lock.c.obj
LOAD CMakeFiles/main.dir/opt/pico-sdk/src/rp2_common/pico_divider/divider_hardware.S.obj
LOAD CMakeFiles/main.dir/opt/pico-sdk/src/rp2_common/pico_double/double_aeabi_rp2040.S.obj
LOAD CMakeFiles/main.dir/opt/pico-sdk/src/rp2_common/pico_double/double_init_rom_rp2040.c.obj
LOAD CMakeFiles/main.dir/opt/pico-sdk/src/rp2_common/pico_double/double_math.c.obj
LOAD CMakeFiles/main.dir/opt/pico-sdk/src/rp2_common/pico_double/double_v1_rom_shim_rp2040.S.obj
LOAD CMakeFiles/main.dir/opt/pico-sdk/src/rp2_common/pico_int64_ops/pico_int64_ops_aeabi.S.obj
LOAD CMakeFiles/main.dir/opt/pico-sdk/src/rp2_common/pico_float/float_aeabi_rp2040.S.obj
LOAD CMakeFiles/main.dir/opt/pico-sdk/src/rp2_common/pico_float/float_init_rom_rp2040.c.obj
LOAD CMakeFiles/main.dir/opt/pico-sdk/src/rp2_common/pico_float/float_math.c.obj
LOAD CMakeFiles/main.dir/opt/pico-sdk/src/rp2_common/pico_float/float_v1_rom_shim_rp2040.S.obj
LOAD CMakeFiles/main.dir/opt/pico-sdk/src/rp2_common/pico_malloc/malloc.c.obj
LOAD CMakeFiles/main.dir/opt/pico-sdk/src/rp2_common/pico_mem_ops/mem_ops_aeabi.S.obj
LOAD CMakeFiles/main.dir/opt/pico-sdk/src/rp2_common/pico_atomic/atomic.c.obj
LOAD CMakeFiles/main.dir/opt/pico-sdk/src/rp2_common/pico_cxx_options/new_delete.cpp.obj
LOAD CMakeFiles/main.dir/opt/pico-sdk/src/rp2_common/pico_standard_binary_info/standard_binary_info.c.obj
LOAD CMakeFiles/main.dir/opt/pico-sdk/src/rp2_common/pico_printf/printf.c.obj
LOAD CMakeFiles/main.dir/opt/pico-sdk/src/rp2_common/pico_crt0/crt0.S.obj
LOAD CMakeFiles/main.dir/opt/pico-sdk/src/rp2_common/pico_clib_interface/newlib_interface.c.obj
LOAD CMakeFiles/main.dir/opt/pico-sdk/src/rp2_common/pico_stdio/stdio.c.obj
LOAD CMakeFiles/main.dir/opt/pico-sdk/src/rp2_common/pico_stdio_semihosting/stdio_semihosting.c.obj
LOAD CMakeFiles/main.dir/opt/pico-sdk/src/rp2_common/hardware_i2c/i2c.c.obj
LOAD /tmp/ccaMVfA1.o
LOAD /usr/lib/gcc/arm-none-eabi/13.2.1/../../../arm-none-eabi/lib/thumb/v6-m/nofp/libstdc++.a
LOAD /usr/lib/gcc/arm-none-eabi/13.2.1/../../../arm-none-eabi/lib/thumb/v6-m/nofp/libm.a
START GROUP
LOAD /usr/lib/gcc/arm-none-eabi/13.2.1/thumb/v6-m/nofp/libgcc.a
LOAD /usr/lib/gcc/arm-none-eabi/13.2.1/../../../arm-none-eabi/lib/thumb/v6-m/nofp/libg.a
LOAD /usr/lib/gcc/arm-none-eabi/13.2.1/../../../arm-none-eabi/lib/thumb/v6-m/nofp/libc.a
END GROUP
START GROUP
LOAD /usr/lib/gcc/arm-none-eabi/13.2.1/thumb/v6-m/nofp/libgcc.a
LOAD /usr/lib/gcc/arm-none-eabi/13.2.1/../../../arm-none-eabi/lib/thumb/v6-m/nofp/libc.a
LOAD /usr/lib/gcc/arm-none-eabi/13.2.1/../../../arm-none-eabi/lib/thumb/v6-m/nofp/libnosys.a
END GROUP
LOAD /usr/lib/gcc/arm-none-eabi/13.2.1/thumb/v6-m/nofp/crtend.o
LOAD /usr/lib/gcc/arm-none-eabi/13.2.1/thumb/v6-m/nofp/crtn.o
OUTPUT(main.elf elf32-littlearm)
LOAD linker stubs

.ARM.attributes
                0x00000000       0x28
 .ARM.attributes
                0x00000000       0x1e /usr/lib/gcc/arm-none-eabi/13.2.1/thumb/v6-m/nofp/crti.o
 .ARM.attributes
                0x0000001e       0x2c /usr/lib/gcc/arm-none-eabi/13.2.1/thumb/v6-m/nofp/crtbegin.o
 .ARM.attributes
                0x0000004a       0x2c CMakeFiles/main.dir/main.c.obj
 .ARM.attributes
                0x00000076       0x2c CMakeFiles/main.dir/opt/pico-sdk/src/rp2_common/hardware_gpio/gpio.c.obj
 .ARM.attributes
                0x000000a2       0x2c CMakeFiles/main.dir/opt/pico-sdk/src/rp2_common/pico_platform_panic/panic.c.obj
 .ARM.attributes
                0x000000ce       0x2c CMakeFiles/main.dir/opt/pico-sdk/src/common/hardware_claim/claim.c.obj
 .ARM.attributes
                0x000000fa       0x2c CMakeFiles/main.dir/opt/pico-sdk/src/rp2_common/hardware_sync/sync.c.obj
 .ARM.attributes
                0x00000126       0x2c CMakeFiles/main.dir/opt/pico-sdk/src/rp2_common/hardware_sync_spin_lock/sync_spin_lock.c.obj
 .ARM.attributes
                0x00000152       0x2c CMakeFiles/main.dir/opt/pico-sdk/src/rp2_common/hardware_irq/irq.c.obj
 .ARM.attributes
                0x0000017e       0x2c CMakeFiles/main.dir/opt/pico-sdk/src/common/pico_sync/lock_core.c.obj
 .ARM.attributes
                0x000001aa       0x2c CMakeFiles/main.dir/opt/pico-sdk/src/common/pico_sync/mutex.c.obj
 .ARM.attributes
                0x000001d6       0x2c CMakeFiles/main.dir/opt/pico-sdk/src/common/pico_time/time.c.obj
 .ARM.attributes
                0x00000202       0x2c CMakeFiles/main.dir/opt/pico-sdk/src/rp2_common/hardware_timer/timer.c.obj
 .ARM.attributes
                0x0000022e       0x2c CMakeFiles/main.dir/opt/pico-sdk/src/rp2_common/hardware_clocks/clocks.c.obj
 .ARM.attributes
                0x0000025a       0x2c CMakeFiles/main.dir/opt/pico-sdk/src/rp2_common/hardware_pll/pll.c.obj
 .ARM.attributes
                0x00000286       0x2c CMakeFiles/main.dir/opt/pico-sdk/src/rp2_common/hardware_ticks/ticks.c.obj
 .ARM.attributes
                0x000002b2       0x2c CMakeFiles/main.dir/opt/pico-sdk/src/rp2_common/hardware_xosc/xosc.c.obj
 .ARM.attributes
                0x000002de       0x2c CMakeFiles/main.dir/opt/pico-sdk/src/rp2_common/pico_runtime/runtime.c.obj
 .ARM.attributes
                0x0000030a       0x2c CMakeFiles/main.dir/opt/pico-sdk/src/rp2_common/pico_runtime_init/runtime_init.c.obj
 .ARM.attributes
                0x00000336       0x2c CMakeFiles/main.dir/opt/pico-sdk/src/rp2_common/pico_runtime_init/runtime_init_clocks.c.obj
 .ARM.attributes
                0x00000362       0x22 CMakeFiles/main.dir/opt/pico-sdk/src/rp2_common/pico_bit_ops/bit_ops_aeabi.S.obj
 .ARM.attributes
                0x00000384       0x2c CMakeFiles/main.dir/opt/pico-sdk/src/rp2_common/pico_bootrom/bootrom.c.obj
 .ARM.attributes
                0x000003b0       0x22 CMakeFiles/main.dir/opt/pico-sdk/src/rp2_common/pico_divider/divider_hardware.S.obj
 .ARM.attributes
                0x000003d2       0x22 CMakeFiles/main.dir/opt/pico-sdk/src/rp2_common/pico_double/double_aeabi_rp2040.S.obj
 .ARM.attributes
                0x000003f4       0x2c CMakeFiles/main.dir/opt/pico-sdk/src/rp2_common/pico_double/double_init_rom_rp2040.c.obj
 .ARM.attributes
                0x00000420       0x22 CMakeFiles/main.dir/opt/pico-sdk/src/rp2_common/pico_double/double_v1_rom_shim_rp2040.S.obj
 .ARM.attributes
                0x00000442       0x22 CMakeFiles/main.dir/opt/pico-sdk/src/rp2_common/pico_int64_ops/pico_int64_ops_aeabi.S.obj
 .ARM.attributes
                0x00000464       0x22 CMakeFiles/main.dir/opt/pico-sdk/src/rp2_common/pico_float/float_aeabi_rp2040.S.obj
 .ARM.attributes
                0x00000486       0x2c CMakeFiles/main.dir/opt/pico-sdk/src/rp2_common/pico_float/float_init_rom_rp2040.c.obj
 .ARM.attributes
                0x000004b2       0x22 CMakeFiles/main.dir/opt/pico-sdk/src/rp2_common/pico_float/float_v1_rom_shim_rp2040.S.obj
 .ARM.attributes
                0x000004d4       0x22 CMakeFiles/main.dir/opt/pico-sdk/src/rp2_common/pico_mem_ops/mem_ops_aeabi.S.obj
 .ARM.attributes
                0x000004f6       0x2c CMakeFiles/main.dir/opt/pico-sdk/src/rp2_common/pico_standard_binary_info/standard_binary_info.c.obj
 .ARM.attributes
                0x00000522       0x2c CMakeFiles/main.dir/opt/pico-sdk/src/rp2_common/pico_printf/printf.c.obj
 .ARM.attributes
                0x0000054e       0x22 CMakeFiles/main.dir/opt/pico-sdk/src/rp2_common/pico_crt0/crt0.S.obj
 .ARM.attributes
                0x00000570       0x2c CMakeFiles/main.dir/opt/pico-sdk/src/rp2_common/pico_clib_interface/newlib_interface.c.obj
 .ARM.attributes
                0x0000059c       0x2c CMakeFiles/main.dir/opt/pico-sdk/src/rp2_common/pico_stdio/stdio.c.obj
 .ARM.attributes
                0x000005c8       0x2c CMakeFiles/main.dir/opt/pico-sdk/src/rp2_common/pico_stdio_semihosting/stdio_semihosting.c.obj
 .ARM.attributes
                0x000005f4       0x22 /tmp/ccaMVfA1.o
 .ARM.attributes
                0x00000616       0x1e /usr/lib/gcc/arm-none-eabi/13.2.1/thumb/v6-m/nofp/libgcc.a(_dvmd_tls.o)
 .ARM.attributes
                0x00000634       0x2c /usr/lib/gcc/arm-none-eabi/13.2.1/../../../arm-none-eabi/lib/thumb/v6-m/nofp/libg.a(libc_a-atexit.o)
 .ARM.attributes
                0x00000660       0x2c /usr/lib/gcc/arm-none-eabi/13.2.1/../../../arm-none-eabi/lib/thumb/v6-m/nofp/libg.a(libc_a-strlen-stub.o)
 .ARM.attributes
                0x0000068c       0x2c /usr/lib/gcc/arm-none-eabi/13.2.1/../../../arm-none-eabi/lib/thumb/v6-m/nofp/libg.a(libc_a-fini.o)
 .ARM.attributes
                0x000006b8       0x2c /usr/lib/gcc/arm-none-eabi/13.2.1/../../../arm-none-eabi/lib/thumb/v6-m/nofp/libg.a(libc_a-__atexit.o)
 .ARM.attributes
                0x000006e4       0x2c /usr/lib/gcc/arm-none-eabi/13.2.1/../../../arm-none-eabi/lib/thumb/v6-m/nofp/libg.a(libc_a-__call_atexit.o)
 .ARM.attributes
                0x00000710       0x2c /usr/lib/gcc/arm-none-eabi/13.2.1/thumb/v6-m/nofp/crtend.o

.comment        0x00000000       0x26
 .comment       0x00000000       0x26 /usr/lib/gcc/arm-none-eabi/13.2.1/thumb/v6-m/nofp/crtbegin.o
                                 0x27 (size before relaxing)
 .comment       0x00000026       0x27 CMakeFiles/main.dir/main.c.obj
 .comment       0x00000026       0x27 CMakeFiles/main.dir/opt/pico-sdk/src/rp2_common/hardware_gpio/gpio.c.obj
 .comment       0x00000026       0x27 CMakeFiles/main.dir/opt/pico-sdk/src/rp2_common/pico_platform_panic/panic.c.obj
 .comment       0x00000026       0x27 CMakeFiles/main.dir/opt/pico-sdk/src/common/hardware_claim/claim.c.obj
 .comment       0x00000026       0x27 CMakeFiles/main.dir/opt/pico-sdk/src/rp2_common/hardware_sync/sync.c.obj
 .comment       0x00000026       0x27 CMakeFiles/main.dir/opt/pico-sdk/src/rp2_common/hardware_sync_spin_lock/sync_spin_lock.c.obj
 .comment       0x00000026       0x27 CMakeFiles/main.dir/opt/pico-sdk/src/rp2_common/hardware_irq/irq.c.obj
 .comment       0x00000026       0x27 CMakeFiles/main.dir/opt/pico-sdk/src/common/pico_sync/lock_core.c.obj
 .comment       0x00000026       0x27 CMakeFiles/main.dir/opt/pico-sdk/src/common/pico_sync/mutex.c.obj
 .comment       0x00000026       0x27 CMakeFiles/main.dir/opt/pico-sdk/src/common/pico_time/time.c.obj
 .comment       0x00000026       0x27 CMakeFiles/main.dir/opt/pico-sdk/src/rp2_common/hardware_timer/timer.c.obj
 .comment       0x00000026       0x27 CMakeFiles/main.dir/opt/pico-sdk/src/rp2_common/hardware_clocks/clocks.c.obj
 .comment       0x00000026       0x27 CMakeFiles/main.dir/opt/pico-sdk/src/rp2_common/hardware_pll/pll.c.obj
 .comment       0x00000026       0x27 CMakeFiles/main.dir/opt/pico-sdk/src/rp2_common/hardware_ticks/ticks.c.obj
 .comment       0x00000026       0x27 CMakeFiles/main.dir/opt/pico-sdk/src/rp2_common/hardware_xosc/xosc.c.obj
 .comment       0x00000026       0x27 CMakeFiles/main.dir/opt/pico-sdk/src/rp2_common/pico_runtime/runtime.c.obj
 .comment       0x00000026       0x27 CMakeFiles/main.dir/opt/pico-sdk/src/rp2_common/pico_runtime_init/runtime_init.c.obj
 .comment       0x00000026       0x27 CMakeFiles/main.dir/opt/pico-sdk/src/rp2_common/pico_runtime_init/runtime_init_clocks.c.obj
 .comment       0x00000026       0x27 CMakeFiles/main.dir/opt/pico-sdk/src/rp2_common/pico_bootrom/bootrom.c.obj
 .comment       0x00000026       0x27 CMakeFiles/main.dir/opt/pico-sdk/src/rp2_common/pico_double/double_init_rom_rp2040.c.obj
 .comment       0x00000026       0x27 CMakeFiles/main.dir/opt/pico-sdk/src/rp2_common/pico_float/float_init_rom_rp2040.c.obj
 .comment       0x00000026       0x27 CMakeFiles/main.dir/opt/pico-sdk/src/rp2_common/pico_standard_binary_info/standard_binary_info.c.obj
 .comment       0x00000026       0x27 CMakeFiles/main.dir/opt/pico-sdk/src/rp2_common/pico_printf/printf.c.obj
 .comment       0x00000026       0x27 CMakeFiles/main.dir/opt/pico-sdk/src/rp2_common/pico_clib_interface/newlib_interface.c.obj
 .comment       0x00000026       0x27 CMakeFiles/main.dir/opt/pico-sdk/src/rp2_common/pico_stdio/stdio.c.obj
 .comment       0x00000026       0x27 CMakeFiles/main.dir/opt/pico-sdk/src/rp2_common/pico_stdio_semihosting/stdio_semihosting.c.obj
 .comment       0x00000026       0x27 /usr/lib/gcc/arm-none-eabi/13.2.1/../../../arm-none-eabi/lib/thumb/v6-m/nofp/libg.a(libc_a-atexit.o)
 .comment       0x00000026       0x27 /usr/lib/gcc/arm-none-eabi/13.2.1/../../../arm-none-eabi/lib/thumb/v6-m/nofp/libg.a(libc_a-strlen-stub.o)
 .comment       0x00000026       0x27 /usr/lib/gcc/arm-none-eabi/13.2.1/../../../arm-none-eabi/lib/thumb/v6-m/nofp/libg.a(libc_a-fini.o)
 .comment       0x00000026       0x27 /usr/lib/gcc/arm-none-eabi/13.2.1/../../../arm-none-eabi/lib/thumb/v6-m/nofp/libg.a(libc_a-__atexit.o)
 .comment       0x00000026       0x27 /usr/lib/gcc/arm-none-eabi/13.2.1/../../../arm-none-eabi/lib/thumb/v6-m/nofp/libg.a(libc_a-__call_atexit.o)
 .comment       0x00000026       0x27 /usr/lib/gcc/arm-none-eabi/13.2.1/thumb/v6-m/nofp/crtend.o

.debug_info     0x00000000    0x19d2e
 .debug_info    0x00000000      0x696 CMakeFiles/main.dir/main.c.obj
 .debug_info    0x00000696     0x2407 CMakeFiles/main.dir/opt/pico-sdk/src/rp2_common/hardware_gpio/gpio.c.obj
 .debug_info    0x00002a9d      0x1bf CMakeFiles/main.dir/opt/pico-sdk/src/rp2_common/pico_platform_panic/panic.c.obj
 .debug_info    0x00002c5c      0x97d CMakeFiles/main.dir/opt/pico-sdk/src/common/hardware_claim/claim.c.obj
 .debug_info    0x000035d9      0x440 CMakeFiles/main.dir/opt/pico-sdk/src/rp2_common/hardware_sync/sync.c.obj
 .debug_info    0x00003a19      0x239 CMakeFiles/main.dir/opt/pico-sdk/src/rp2_common/hardware_sync_spin_lock/sync_spin_lock.c.obj
 .debug_info    0x00003c52     0x2160 CMakeFiles/main.dir/opt/pico-sdk/src/rp2_common/hardware_irq/irq.c.obj
 .debug_info    0x00005db2      0x153 CMakeFiles/main.dir/opt/pico-sdk/src/common/pico_sync/lock_core.c.obj
 .debug_info    0x00005f05     0x27bb CMakeFiles/main.dir/opt/pico-sdk/src/common/pico_sync/mutex.c.obj
 .debug_info    0x000086c0     0x48fa CMakeFiles/main.dir/opt/pico-sdk/src/common/pico_time/time.c.obj
 .debug_info    0x0000cfba     0x2abc CMakeFiles/main.dir/opt/pico-sdk/src/rp2_common/hardware_timer/timer.c.obj
 .debug_info    0x0000fa76     0x28ed CMakeFiles/main.dir/opt/pico-sdk/src/rp2_common/hardware_clocks/clocks.c.obj
 .debug_info    0x00012363      0x4cd CMakeFiles/main.dir/opt/pico-sdk/src/rp2_common/hardware_pll/pll.c.obj
 .debug_info    0x00012830      0x230 CMakeFiles/main.dir/opt/pico-sdk/src/rp2_common/hardware_ticks/ticks.c.obj
 .debug_info    0x00012a60      0x1b4 CMakeFiles/main.dir/opt/pico-sdk/src/rp2_common/hardware_xosc/xosc.c.obj
 .debug_info    0x00012c14      0x20e CMakeFiles/main.dir/opt/pico-sdk/src/rp2_common/pico_runtime/runtime.c.obj
 .debug_info    0x00012e22      0x77d CMakeFiles/main.dir/opt/pico-sdk/src/rp2_common/pico_runtime_init/runtime_init.c.obj
 .debug_info    0x0001359f      0x768 CMakeFiles/main.dir/opt/pico-sdk/src/rp2_common/pico_runtime_init/runtime_init_clocks.c.obj
 .debug_info    0x00013d07       0x23 CMakeFiles/main.dir/opt/pico-sdk/src/rp2_common/pico_bit_ops/bit_ops_aeabi.S.obj
 .debug_info    0x00013d2a      0x4eb CMakeFiles/main.dir/opt/pico-sdk/src/rp2_common/pico_bootrom/bootrom.c.obj
 .debug_info    0x00014215       0x23 CMakeFiles/main.dir/opt/pico-sdk/src/rp2_common/pico_divider/divider_hardware.S.obj
 .debug_info    0x00014238       0x23 CMakeFiles/main.dir/opt/pico-sdk/src/rp2_common/pico_double/double_aeabi_rp2040.S.obj
 .debug_info    0x0001425b      0x25f CMakeFiles/main.dir/opt/pico-sdk/src/rp2_common/pico_double/double_init_rom_rp2040.c.obj
 .debug_info    0x000144ba       0x23 CMakeFiles/main.dir/opt/pico-sdk/src/rp2_common/pico_double/double_v1_rom_shim_rp2040.S.obj
 .debug_info    0x000144dd       0x24 CMakeFiles/main.dir/opt/pico-sdk/src/rp2_common/pico_int64_ops/pico_int64_ops_aeabi.S.obj
 .debug_info    0x00014501       0x23 CMakeFiles/main.dir/opt/pico-sdk/src/rp2_common/pico_float/float_aeabi_rp2040.S.obj
 .debug_info    0x00014524      0x25f CMakeFiles/main.dir/opt/pico-sdk/src/rp2_common/pico_float/float_init_rom_rp2040.c.obj
 .debug_info    0x00014783       0x23 CMakeFiles/main.dir/opt/pico-sdk/src/rp2_common/pico_float/float_v1_rom_shim_rp2040.S.obj
 .debug_info    0x000147a6       0x23 CMakeFiles/main.dir/opt/pico-sdk/src/rp2_common/pico_mem_ops/mem_ops_aeabi.S.obj
 .debug_info    0x000147c9      0x25e CMakeFiles/main.dir/opt/pico-sdk/src/rp2_common/pico_standard_binary_info/standard_binary_info.c.obj
 .debug_info    0x00014a27     0x2102 CMakeFiles/main.dir/opt/pico-sdk/src/rp2_common/pico_printf/printf.c.obj
 .debug_info    0x00016b29       0x23 CMakeFiles/main.dir/opt/pico-sdk/src/rp2_common/pico_crt0/crt0.S.obj
 .debug_info    0x00016b4c      0xb54 CMakeFiles/main.dir/opt/pico-sdk/src/rp2_common/pico_clib_interface/newlib_interface.c.obj
 .debug_info    0x000176a0     0x1b7b CMakeFiles/main.dir/opt/pico-sdk/src/rp2_common/pico_stdio/stdio.c.obj
 .debug_info    0x0001921b      0x356 CMakeFiles/main.dir/opt/pico-sdk/src/rp2_common/pico_stdio_semihosting/stdio_semihosting.c.obj
 .debug_info    0x00019571       0x3c /usr/lib/gcc/arm-none-eabi/13.2.1/thumb/v6-m/nofp/libgcc.a(_dvmd_tls.o)
 .debug_info    0x000195ad      0x11e /usr/lib/gcc/arm-none-eabi/13.2.1/../../../arm-none-eabi/lib/thumb/v6-m/nofp/libg.a(libc_a-atexit.o)
 .debug_info    0x000196cb       0xeb /usr/lib/gcc/arm-none-eabi/13.2.1/../../../arm-none-eabi/lib/thumb/v6-m/nofp/libg.a(libc_a-strlen-stub.o)
 .debug_info    0x000197b6       0xf7 /usr/lib/gcc/arm-none-eabi/13.2.1/../../../arm-none-eabi/lib/thumb/v6-m/nofp/libg.a(libc_a-fini.o)
 .debug_info    0x000198ad      0x1fd /usr/lib/gcc/arm-none-eabi/13.2.1/../../../arm-none-eabi/lib/thumb/v6-m/nofp/libg.a(libc_a-__atexit.o)
 .debug_info    0x00019aaa      0x284 /usr/lib/gcc/arm-none-eabi/13.2.1/../../../arm-none-eabi/lib/thumb/v6-m/nofp/libg.a(libc_a-__call_atexit.o)

.debug_abbrev   0x00000000     0x50dc
 .debug_abbrev  0x00000000      0x222 CMakeFiles/main.dir/main.c.obj
 .debug_abbrev  0x00000222      0x4f9 CMakeFiles/main.dir/opt/pico-sdk/src/rp2_common/hardware_gpio/gpio.c.obj
 .debug_abbrev  0x0000071b      0x12b CMakeFiles/main.dir/opt/pico-sdk/src/rp2_common/pico_platform_panic/panic.c.obj
 .debug_abbrev  0x00000846      0x33b CMakeFiles/main.dir/opt/pico-sdk/src/common/hardware_claim/claim.c.obj
 .debug_abbrev  0x00000b81      0x20d CMakeFiles/main.dir/opt/pico-sdk/src/rp2_common/hardware_sync/sync.c.obj
 .debug_abbrev  0x00000d8e      0x1bb CMakeFiles/main.dir/opt/pico-sdk/src/rp2_common/hardware_sync_spin_lock/sync_spin_lock.c.obj
 .debug_abbrev  0x00000f49      0x5ff CMakeFiles/main.dir/opt/pico-sdk/src/rp2_common/hardware_irq/irq.c.obj
 .debug_abbrev  0x00001548       0xee CMakeFiles/main.dir/opt/pico-sdk/src/common/pico_sync/lock_core.c.obj
 .debug_abbrev  0x00001636      0x48c CMakeFiles/main.dir/opt/pico-sdk/src/common/pico_sync/mutex.c.obj
 .debug_abbrev  0x00001ac2      0x672 CMakeFiles/main.dir/opt/pico-sdk/src/common/pico_time/time.c.obj
 .debug_abbrev  0x00002134      0x503 CMakeFiles/main.dir/opt/pico-sdk/src/rp2_common/hardware_timer/timer.c.obj
 .debug_abbrev  0x00002637      0x4e2 CMakeFiles/main.dir/opt/pico-sdk/src/rp2_common/hardware_clocks/clocks.c.obj
 .debug_abbrev  0x00002b19      0x1d2 CMakeFiles/main.dir/opt/pico-sdk/src/rp2_common/hardware_pll/pll.c.obj
 .debug_abbrev  0x00002ceb      0x145 CMakeFiles/main.dir/opt/pico-sdk/src/rp2_common/hardware_ticks/ticks.c.obj
 .debug_abbrev  0x00002e30      0x11b CMakeFiles/main.dir/opt/pico-sdk/src/rp2_common/hardware_xosc/xosc.c.obj
 .debug_abbrev  0x00002f4b      0x182 CMakeFiles/main.dir/opt/pico-sdk/src/rp2_common/pico_runtime/runtime.c.obj
 .debug_abbrev  0x000030cd      0x222 CMakeFiles/main.dir/opt/pico-sdk/src/rp2_common/pico_runtime_init/runtime_init.c.obj
 .debug_abbrev  0x000032ef      0x294 CMakeFiles/main.dir/opt/pico-sdk/src/rp2_common/pico_runtime_init/runtime_init_clocks.c.obj
 .debug_abbrev  0x00003583       0x12 CMakeFiles/main.dir/opt/pico-sdk/src/rp2_common/pico_bit_ops/bit_ops_aeabi.S.obj
 .debug_abbrev  0x00003595      0x1b9 CMakeFiles/main.dir/opt/pico-sdk/src/rp2_common/pico_bootrom/bootrom.c.obj
 .debug_abbrev  0x0000374e       0x12 CMakeFiles/main.dir/opt/pico-sdk/src/rp2_common/pico_divider/divider_hardware.S.obj
 .debug_abbrev  0x00003760       0x12 CMakeFiles/main.dir/opt/pico-sdk/src/rp2_common/pico_double/double_aeabi_rp2040.S.obj
 .debug_abbrev  0x00003772      0x17a CMakeFiles/main.dir/opt/pico-sdk/src/rp2_common/pico_double/double_init_rom_rp2040.c.obj
 .debug_abbrev  0x000038ec       0x12 CMakeFiles/main.dir/opt/pico-sdk/src/rp2_common/pico_double/double_v1_rom_shim_rp2040.S.obj
 .debug_abbrev  0x000038fe       0x14 CMakeFiles/main.dir/opt/pico-sdk/src/rp2_common/pico_int64_ops/pico_int64_ops_aeabi.S.obj
 .debug_abbrev  0x00003912       0x12 CMakeFiles/main.dir/opt/pico-sdk/src/rp2_common/pico_float/float_aeabi_rp2040.S.obj
 .debug_abbrev  0x00003924      0x173 CMakeFiles/main.dir/opt/pico-sdk/src/rp2_common/pico_float/float_init_rom_rp2040.c.obj
 .debug_abbrev  0x00003a97       0x12 CMakeFiles/main.dir/opt/pico-sdk/src/rp2_common/pico_float/float_v1_rom_shim_rp2040.S.obj
 .debug_abbrev  0x00003aa9       0x12 CMakeFiles/main.dir/opt/pico-sdk/src/rp2_common/pico_mem_ops/mem_ops_aeabi.S.obj
 .debug_abbrev  0x00003abb       0xb8 CMakeFiles/main.dir/opt/pico-sdk/src/rp2_common/pico_standard_binary_info/standard_binary_info.c.obj
 .debug_abbrev  0x00003b73      0x525 CMakeFiles/main.dir/opt/pico-sdk/src/rp2_common/pico_printf/printf.c.obj
 .debug_abbrev  0x00004098       0x12 CMakeFiles/main.dir/opt/pico-sdk/src/rp2_common/pico_crt0/crt0.S.obj
 .debug_abbrev  0x000040aa      0x352 CMakeFiles/main.dir/opt/pico-sdk/src/rp2_common/pico_clib_interface/newlib_interface.c.obj
 .debug_abbrev  0x000043fc      0x5eb CMakeFiles/main.dir/opt/pico-sdk/src/rp2_common/pico_stdio/stdio.c.obj
 .debug_abbrev  0x000049e7      0x187 CMakeFiles/main.dir/opt/pico-sdk/src/rp2_common/pico_stdio_semihosting/stdio_semihosting.c.obj
 .debug_abbrev  0x00004b6e       0x26 /usr/lib/gcc/arm-none-eabi/13.2.1/thumb/v6-m/nofp/libgcc.a(_dvmd_tls.o)
 .debug_abbrev  0x00004b94       0xbe /usr/lib/gcc/arm-none-eabi/13.2.1/../../../arm-none-eabi/lib/thumb/v6-m/nofp/libg.a(libc_a-atexit.o)
 .debug_abbrev  0x00004c52       0x90 /usr/lib/gcc/arm-none-eabi/13.2.1/../../../arm-none-eabi/lib/thumb/v6-m/nofp/libg.a(libc_a-strlen-stub.o)
 .debug_abbrev  0x00004ce2       0xc9 /usr/lib/gcc/arm-none-eabi/13.2.1/../../../arm-none-eabi/lib/thumb/v6-m/nofp/libg.a(libc_a-fini.o)
 .debug_abbrev  0x00004dab      0x157 /usr/lib/gcc/arm-none-eabi/13.2.1/../../../arm-none-eabi/lib/thumb/v6-m/nofp/libg.a(libc_a-__atexit.o)
 .debug_abbrev  0x00004f02      0x1da /usr/lib/gcc/arm-none-eabi/13.2.1/../../../arm-none-eabi/lib/thumb/v6-m/nofp/libg.a(libc_a-__call_atexit.o)

.debug_loclists
                0x00000000     0xf154
 .debug_loclists
                0x00000000       0xdc CMakeFiles/main.dir/main.c.obj
 .debug_loclists
                0x000000dc     0x1a03 CMakeFiles/main.dir/opt/pico-sdk/src/rp2_common/hardware_gpio/gpio.c.obj
 .debug_loclists
                0x00001adf      0x36e CMakeFiles/main.dir/opt/pico-sdk/src/common/hardware_claim/claim.c.obj
 .debug_loclists
                0x00001e4d       0xf1 CMakeFiles/main.dir/opt/pico-sdk/src/rp2_common/hardware_sync/sync.c.obj
 .debug_loclists
                0x00001f3e       0x7d CMakeFiles/main.dir/opt/pico-sdk/src/rp2_common/hardware_sync_spin_lock/sync_spin_lock.c.obj
 .debug_loclists
                0x00001fbb     0x116f CMakeFiles/main.dir/opt/pico-sdk/src/rp2_common/hardware_irq/irq.c.obj
 .debug_loclists
                0x0000312a       0x41 CMakeFiles/main.dir/opt/pico-sdk/src/common/pico_sync/lock_core.c.obj
 .debug_loclists
                0x0000316b      0xafa CMakeFiles/main.dir/opt/pico-sdk/src/common/pico_sync/mutex.c.obj
 .debug_loclists
                0x00003c65     0x2594 CMakeFiles/main.dir/opt/pico-sdk/src/common/pico_time/time.c.obj
 .debug_loclists
                0x000061f9     0x19e4 CMakeFiles/main.dir/opt/pico-sdk/src/rp2_common/hardware_timer/timer.c.obj
 .debug_loclists
                0x00007bdd     0x28a5 CMakeFiles/main.dir/opt/pico-sdk/src/rp2_common/hardware_clocks/clocks.c.obj
 .debug_loclists
                0x0000a482      0x1e0 CMakeFiles/main.dir/opt/pico-sdk/src/rp2_common/hardware_pll/pll.c.obj
 .debug_loclists
                0x0000a662       0x47 CMakeFiles/main.dir/opt/pico-sdk/src/rp2_common/hardware_ticks/ticks.c.obj
 .debug_loclists
                0x0000a6a9       0x48 CMakeFiles/main.dir/opt/pico-sdk/src/rp2_common/hardware_xosc/xosc.c.obj
 .debug_loclists
                0x0000a6f1       0x7e CMakeFiles/main.dir/opt/pico-sdk/src/rp2_common/pico_runtime/runtime.c.obj
 .debug_loclists
                0x0000a76f       0xba CMakeFiles/main.dir/opt/pico-sdk/src/rp2_common/pico_runtime_init/runtime_init.c.obj
 .debug_loclists
                0x0000a829       0x74 CMakeFiles/main.dir/opt/pico-sdk/src/rp2_common/pico_runtime_init/runtime_init_clocks.c.obj
 .debug_loclists
                0x0000a89d      0x2ba CMakeFiles/main.dir/opt/pico-sdk/src/rp2_common/pico_bootrom/bootrom.c.obj
 .debug_loclists
                0x0000ab57       0x3d CMakeFiles/main.dir/opt/pico-sdk/src/rp2_common/pico_double/double_init_rom_rp2040.c.obj
 .debug_loclists
                0x0000ab94       0x59 CMakeFiles/main.dir/opt/pico-sdk/src/rp2_common/pico_float/float_init_rom_rp2040.c.obj
 .debug_loclists
                0x0000abed     0x2f65 CMakeFiles/main.dir/opt/pico-sdk/src/rp2_common/pico_printf/printf.c.obj
 .debug_loclists
                0x0000db52      0x431 CMakeFiles/main.dir/opt/pico-sdk/src/rp2_common/pico_clib_interface/newlib_interface.c.obj
 .debug_loclists
                0x0000df83      0xeab CMakeFiles/main.dir/opt/pico-sdk/src/rp2_common/pico_stdio/stdio.c.obj
 .debug_loclists
                0x0000ee2e       0x46 CMakeFiles/main.dir/opt/pico-sdk/src/rp2_common/pico_stdio_semihosting/stdio_semihosting.c.obj
 .debug_loclists
                0x0000ee74       0x2b /usr/lib/gcc/arm-none-eabi/13.2.1/../../../arm-none-eabi/lib/thumb/v6-m/nofp/libg.a(libc_a-atexit.o)
 .debug_loclists
                0x0000ee9f       0x57 /usr/lib/gcc/arm-none-eabi/13.2.1/../../../arm-none-eabi/lib/thumb/v6-m/nofp/libg.a(libc_a-strlen-stub.o)
 .debug_loclists
                0x0000eef6       0x2c /usr/lib/gcc/arm-none-eabi/13.2.1/../../../arm-none-eabi/lib/thumb/v6-m/nofp/libg.a(libc_a-fini.o)
 .debug_loclists
                0x0000ef22       0xff /usr/lib/gcc/arm-none-eabi/13.2.1/../../../arm-none-eabi/lib/thumb/v6-m/nofp/libg.a(libc_a-__atexit.o)
 .debug_loclists
                0x0000f021      0x133 /usr/lib/gcc/arm-none-eabi/13.2.1/../../../arm-none-eabi/lib/thumb/v6-m/nofp/libg.a(libc_a-__call_atexit.o)

.debug_aranges  0x00000000      0xf38
 .debug_aranges
                0x00000000       0x20 CMakeFiles/main.dir/main.c.obj
 .debug_aranges
                0x00000020      0x120 CMakeFiles/main.dir/opt/pico-sdk/src/rp2_common/hardware_gpio/gpio.c.obj
 .debug_aranges
                0x00000140       0x28 CMakeFiles/main.dir/opt/pico-sdk/src/rp2_common/pico_platform_panic/panic.c.obj
 .debug_aranges
                0x00000168       0x48 CMakeFiles/main.dir/opt/pico-sdk/src/common/hardware_claim/claim.c.obj
 .debug_aranges
                0x000001b0       0x48 CMakeFiles/main.dir/opt/pico-sdk/src/rp2_common/hardware_sync/sync.c.obj
 .debug_aranges
                0x000001f8       0x28 CMakeFiles/main.dir/opt/pico-sdk/src/rp2_common/hardware_sync_spin_lock/sync_spin_lock.c.obj
 .debug_aranges
                0x00000220       0xb0 CMakeFiles/main.dir/opt/pico-sdk/src/rp2_common/hardware_irq/irq.c.obj
 .debug_aranges
                0x000002d0       0x20 CMakeFiles/main.dir/opt/pico-sdk/src/common/pico_sync/lock_core.c.obj
 .debug_aranges
                0x000002f0       0x98 CMakeFiles/main.dir/opt/pico-sdk/src/common/pico_sync/mutex.c.obj
 .debug_aranges
                0x00000388       0xe0 CMakeFiles/main.dir/opt/pico-sdk/src/common/pico_time/time.c.obj
 .debug_aranges
                0x00000468       0xf0 CMakeFiles/main.dir/opt/pico-sdk/src/rp2_common/hardware_timer/timer.c.obj
 .debug_aranges
                0x00000558       0x90 CMakeFiles/main.dir/opt/pico-sdk/src/rp2_common/hardware_clocks/clocks.c.obj
 .debug_aranges
                0x000005e8       0x28 CMakeFiles/main.dir/opt/pico-sdk/src/rp2_common/hardware_pll/pll.c.obj
 .debug_aranges
                0x00000610       0x30 CMakeFiles/main.dir/opt/pico-sdk/src/rp2_common/hardware_ticks/ticks.c.obj
 .debug_aranges
                0x00000640       0x30 CMakeFiles/main.dir/opt/pico-sdk/src/rp2_common/hardware_xosc/xosc.c.obj
 .debug_aranges
                0x00000670       0x38 CMakeFiles/main.dir/opt/pico-sdk/src/rp2_common/pico_runtime/runtime.c.obj
 .debug_aranges
                0x000006a8       0x48 CMakeFiles/main.dir/opt/pico-sdk/src/rp2_common/pico_runtime_init/runtime_init.c.obj
 .debug_aranges
                0x000006f0       0x20 CMakeFiles/main.dir/opt/pico-sdk/src/rp2_common/pico_runtime_init/runtime_init_clocks.c.obj
 .debug_aranges
                0x00000710       0x60 CMakeFiles/main.dir/opt/pico-sdk/src/rp2_common/pico_bit_ops/bit_ops_aeabi.S.obj
 .debug_aranges
                0x00000770       0x38 CMakeFiles/main.dir/opt/pico-sdk/src/rp2_common/pico_bootrom/bootrom.c.obj
 .debug_aranges
                0x000007a8       0x40 CMakeFiles/main.dir/opt/pico-sdk/src/rp2_common/pico_divider/divider_hardware.S.obj
 .debug_aranges
                0x000007e8      0x140 CMakeFiles/main.dir/opt/pico-sdk/src/rp2_common/pico_double/double_aeabi_rp2040.S.obj
 .debug_aranges
                0x00000928       0x20 CMakeFiles/main.dir/opt/pico-sdk/src/rp2_common/pico_double/double_init_rom_rp2040.c.obj
 .debug_aranges
                0x00000948       0xc8 CMakeFiles/main.dir/opt/pico-sdk/src/rp2_common/pico_double/double_v1_rom_shim_rp2040.S.obj
 .debug_aranges
                0x00000a10       0x20 CMakeFiles/main.dir/opt/pico-sdk/src/rp2_common/pico_int64_ops/pico_int64_ops_aeabi.S.obj
 .debug_aranges
                0x00000a30      0x130 CMakeFiles/main.dir/opt/pico-sdk/src/rp2_common/pico_float/float_aeabi_rp2040.S.obj
 .debug_aranges
                0x00000b60       0x20 CMakeFiles/main.dir/opt/pico-sdk/src/rp2_common/pico_float/float_init_rom_rp2040.c.obj
 .debug_aranges
                0x00000b80       0x50 CMakeFiles/main.dir/opt/pico-sdk/src/rp2_common/pico_float/float_v1_rom_shim_rp2040.S.obj
 .debug_aranges
                0x00000bd0       0x38 CMakeFiles/main.dir/opt/pico-sdk/src/rp2_common/pico_mem_ops/mem_ops_aeabi.S.obj
 .debug_aranges
                0x00000c08       0x18 CMakeFiles/main.dir/opt/pico-sdk/src/rp2_common/pico_standard_binary_info/standard_binary_info.c.obj
 .debug_aranges
                0x00000c20       0x90 CMakeFiles/main.dir/opt/pico-sdk/src/rp2_common/pico_printf/printf.c.obj
 .debug_aranges
                0x00000cb0       0x28 CMakeFiles/main.dir/opt/pico-sdk/src/rp2_common/pico_crt0/crt0.S.obj
 .debug_aranges
                0x00000cd8       0xa0 CMakeFiles/main.dir/opt/pico-sdk/src/rp2_common/pico_clib_interface/newlib_interface.c.obj
 .debug_aranges
                0x00000d78       0xc8 CMakeFiles/main.dir/opt/pico-sdk/src/rp2_common/pico_stdio/stdio.c.obj
 .debug_aranges
                0x00000e40       0x30 CMakeFiles/main.dir/opt/pico-sdk/src/rp2_common/pico_stdio_semihosting/stdio_semihosting.c.obj
 .debug_aranges
                0x00000e70       0x20 /usr/lib/gcc/arm-none-eabi/13.2.1/thumb/v6-m/nofp/libgcc.a(_dvmd_tls.o)
 .debug_aranges
                0x00000e90       0x20 /usr/lib/gcc/arm-none-eabi/13.2.1/../../../arm-none-eabi/lib/thumb/v6-m/nofp/libg.a(libc_a-atexit.o)
 .debug_aranges
                0x00000eb0       0x20 /usr/lib/gcc/arm-none-eabi/13.2.1/../../../arm-none-eabi/lib/thumb/v6-m/nofp/libg.a(libc_a-strlen-stub.o)
 .debug_aranges
                0x00000ed0       0x20 /usr/lib/gcc/arm-none-eabi/13.2.1/../../../arm-none-eabi/lib/thumb/v6-m/nofp/libg.a(libc_a-fini.o)
 .debug_aranges
                0x00000ef0       0x20 /usr/lib/gcc/arm-none-eabi/13.2.1/../../../arm-none-eabi/lib/thumb/v6-m/nofp/libg.a(libc_a-__atexit.o)
 .debug_aranges
                0x00000f10       0x28 /usr/lib/gcc/arm-none-eabi/13.2.1/../../../arm-none-eabi/lib/thumb/v6-m/nofp/libg.a(libc_a-__call_atexit.o)

.debug_rnglists
                0x00000000     0x28c2
 .debug_rnglists
                0x00000000       0x37 CMakeFiles/main.dir/main.c.obj
 .debug_rnglists
                0x00000037      0x5c7 CMakeFiles/main.dir/opt/pico-sdk/src/rp2_common/hardware_gpio/gpio.c.obj
 .debug_rnglists
                0x000005fe       0x19 CMakeFiles/main.dir/opt/pico-sdk/src/rp2_common/pico_platform_panic/panic.c.obj
 .debug_rnglists
                0x00000617       0xc5 CMakeFiles/main.dir/opt/pico-sdk/src/common/hardware_claim/claim.c.obj
 .debug_rnglists
                0x000006dc       0x67 CMakeFiles/main.dir/opt/pico-sdk/src/rp2_common/hardware_sync/sync.c.obj
 .debug_rnglists
                0x00000743       0x3d CMakeFiles/main.dir/opt/pico-sdk/src/rp2_common/hardware_sync_spin_lock/sync_spin_lock.c.obj
 .debug_rnglists
                0x00000780      0x355 CMakeFiles/main.dir/opt/pico-sdk/src/rp2_common/hardware_irq/irq.c.obj
 .debug_rnglists
                0x00000ad5       0x1f CMakeFiles/main.dir/opt/pico-sdk/src/common/pico_sync/lock_core.c.obj
 .debug_rnglists
                0x00000af4      0x32c CMakeFiles/main.dir/opt/pico-sdk/src/common/pico_sync/mutex.c.obj
 .debug_rnglists
                0x00000e20      0x795 CMakeFiles/main.dir/opt/pico-sdk/src/common/pico_time/time.c.obj
 .debug_rnglists
                0x000015b5      0x2c9 CMakeFiles/main.dir/opt/pico-sdk/src/rp2_common/hardware_timer/timer.c.obj
 .debug_rnglists
                0x0000187e      0x4ad CMakeFiles/main.dir/opt/pico-sdk/src/rp2_common/hardware_clocks/clocks.c.obj
 .debug_rnglists
                0x00001d2b       0x5c CMakeFiles/main.dir/opt/pico-sdk/src/rp2_common/hardware_pll/pll.c.obj
 .debug_rnglists
                0x00001d87       0x2b CMakeFiles/main.dir/opt/pico-sdk/src/rp2_common/hardware_ticks/ticks.c.obj
 .debug_rnglists
                0x00001db2       0x2b CMakeFiles/main.dir/opt/pico-sdk/src/rp2_common/hardware_xosc/xosc.c.obj
 .debug_rnglists
                0x00001ddd       0x3d CMakeFiles/main.dir/opt/pico-sdk/src/rp2_common/pico_runtime/runtime.c.obj
 .debug_rnglists
                0x00001e1a       0x49 CMakeFiles/main.dir/opt/pico-sdk/src/rp2_common/pico_runtime_init/runtime_init.c.obj
 .debug_rnglists
                0x00001e63       0x20 CMakeFiles/main.dir/opt/pico-sdk/src/rp2_common/pico_runtime_init/runtime_init_clocks.c.obj
 .debug_rnglists
                0x00001e83       0x43 CMakeFiles/main.dir/opt/pico-sdk/src/rp2_common/pico_bit_ops/bit_ops_aeabi.S.obj
 .debug_rnglists
                0x00001ec6       0xdc CMakeFiles/main.dir/opt/pico-sdk/src/rp2_common/pico_bootrom/bootrom.c.obj
 .debug_rnglists
                0x00001fa2       0x2c CMakeFiles/main.dir/opt/pico-sdk/src/rp2_common/pico_divider/divider_hardware.S.obj
 .debug_rnglists
                0x00001fce       0xed CMakeFiles/main.dir/opt/pico-sdk/src/rp2_common/pico_double/double_aeabi_rp2040.S.obj
 .debug_rnglists
                0x000020bb       0x14 CMakeFiles/main.dir/opt/pico-sdk/src/rp2_common/pico_double/double_init_rom_rp2040.c.obj
 .debug_rnglists
                0x000020cf       0x99 CMakeFiles/main.dir/opt/pico-sdk/src/rp2_common/pico_double/double_v1_rom_shim_rp2040.S.obj
 .debug_rnglists
                0x00002168       0xdf CMakeFiles/main.dir/opt/pico-sdk/src/rp2_common/pico_float/float_aeabi_rp2040.S.obj
 .debug_rnglists
                0x00002247       0x13 CMakeFiles/main.dir/opt/pico-sdk/src/rp2_common/pico_float/float_init_rom_rp2040.c.obj
 .debug_rnglists
                0x0000225a       0x38 CMakeFiles/main.dir/opt/pico-sdk/src/rp2_common/pico_float/float_v1_rom_shim_rp2040.S.obj
 .debug_rnglists
                0x00002292       0x25 CMakeFiles/main.dir/opt/pico-sdk/src/rp2_common/pico_mem_ops/mem_ops_aeabi.S.obj
 .debug_rnglists
                0x000022b7      0x27c CMakeFiles/main.dir/opt/pico-sdk/src/rp2_common/pico_printf/printf.c.obj
 .debug_rnglists
                0x00002533       0x1b CMakeFiles/main.dir/opt/pico-sdk/src/rp2_common/pico_crt0/crt0.S.obj
 .debug_rnglists
                0x0000254e       0x7f CMakeFiles/main.dir/opt/pico-sdk/src/rp2_common/pico_clib_interface/newlib_interface.c.obj
 .debug_rnglists
                0x000025cd      0x297 CMakeFiles/main.dir/opt/pico-sdk/src/rp2_common/pico_stdio/stdio.c.obj
 .debug_rnglists
                0x00002864       0x2e CMakeFiles/main.dir/opt/pico-sdk/src/rp2_common/pico_stdio_semihosting/stdio_semihosting.c.obj
 .debug_rnglists
                0x00002892       0x30 /usr/lib/gcc/arm-none-eabi/13.2.1/../../../arm-none-eabi/lib/thumb/v6-m/nofp/libg.a(libc_a-__call_atexit.o)

.debug_line     0x00000000    0x13b24
 .debug_line    0x00000000      0x324 CMakeFiles/main.dir/main.c.obj
 .debug_line    0x00000324     0x1b72 CMakeFiles/main.dir/opt/pico-sdk/src/rp2_common/hardware_gpio/gpio.c.obj
 .debug_line    0x00001e96      0x1c5 CMakeFiles/main.dir/opt/pico-sdk/src/rp2_common/pico_platform_panic/panic.c.obj
 .debug_line    0x0000205b      0x80b CMakeFiles/main.dir/opt/pico-sdk/src/common/hardware_claim/claim.c.obj
 .debug_line    0x00002866      0x3d7 CMakeFiles/main.dir/opt/pico-sdk/src/rp2_common/hardware_sync/sync.c.obj
 .debug_line    0x00002c3d      0x2d4 CMakeFiles/main.dir/opt/pico-sdk/src/rp2_common/hardware_sync_spin_lock/sync_spin_lock.c.obj
 .debug_line    0x00002f11     0x15c7 CMakeFiles/main.dir/opt/pico-sdk/src/rp2_common/hardware_irq/irq.c.obj
 .debug_line    0x000044d8      0x1ff CMakeFiles/main.dir/opt/pico-sdk/src/common/pico_sync/lock_core.c.obj
 .debug_line    0x000046d7     0x19d9 CMakeFiles/main.dir/opt/pico-sdk/src/common/pico_sync/mutex.c.obj
 .debug_line    0x000060b0     0x3076 CMakeFiles/main.dir/opt/pico-sdk/src/common/pico_time/time.c.obj
 .debug_line    0x00009126     0x1bb9 CMakeFiles/main.dir/opt/pico-sdk/src/rp2_common/hardware_timer/timer.c.obj
 .debug_line    0x0000acdf     0x1cb4 CMakeFiles/main.dir/opt/pico-sdk/src/rp2_common/hardware_clocks/clocks.c.obj
 .debug_line    0x0000c993      0x3f0 CMakeFiles/main.dir/opt/pico-sdk/src/rp2_common/hardware_pll/pll.c.obj
 .debug_line    0x0000cd83      0x25e CMakeFiles/main.dir/opt/pico-sdk/src/rp2_common/hardware_ticks/ticks.c.obj
 .debug_line    0x0000cfe1      0x277 CMakeFiles/main.dir/opt/pico-sdk/src/rp2_common/hardware_xosc/xosc.c.obj
 .debug_line    0x0000d258      0x248 CMakeFiles/main.dir/opt/pico-sdk/src/rp2_common/pico_runtime/runtime.c.obj
 .debug_line    0x0000d4a0      0x432 CMakeFiles/main.dir/opt/pico-sdk/src/rp2_common/pico_runtime_init/runtime_init.c.obj
 .debug_line    0x0000d8d2      0x418 CMakeFiles/main.dir/opt/pico-sdk/src/rp2_common/pico_runtime_init/runtime_init_clocks.c.obj
 .debug_line    0x0000dcea      0x107 CMakeFiles/main.dir/opt/pico-sdk/src/rp2_common/pico_bit_ops/bit_ops_aeabi.S.obj
 .debug_line    0x0000ddf1      0x332 CMakeFiles/main.dir/opt/pico-sdk/src/rp2_common/pico_bootrom/bootrom.c.obj
 .debug_line    0x0000e123      0x2a9 CMakeFiles/main.dir/opt/pico-sdk/src/rp2_common/pico_divider/divider_hardware.S.obj
 .debug_line    0x0000e3cc      0x3f8 CMakeFiles/main.dir/opt/pico-sdk/src/rp2_common/pico_double/double_aeabi_rp2040.S.obj
 .debug_line    0x0000e7c4      0x3a8 CMakeFiles/main.dir/opt/pico-sdk/src/rp2_common/pico_double/double_init_rom_rp2040.c.obj
 .debug_line    0x0000eb6c      0x66d CMakeFiles/main.dir/opt/pico-sdk/src/rp2_common/pico_double/double_v1_rom_shim_rp2040.S.obj
 .debug_line    0x0000f1d9       0x61 CMakeFiles/main.dir/opt/pico-sdk/src/rp2_common/pico_int64_ops/pico_int64_ops_aeabi.S.obj
 .debug_line    0x0000f23a      0x3b4 CMakeFiles/main.dir/opt/pico-sdk/src/rp2_common/pico_float/float_aeabi_rp2040.S.obj
 .debug_line    0x0000f5ee      0x2bd CMakeFiles/main.dir/opt/pico-sdk/src/rp2_common/pico_float/float_init_rom_rp2040.c.obj
 .debug_line    0x0000f8ab      0x195 CMakeFiles/main.dir/opt/pico-sdk/src/rp2_common/pico_float/float_v1_rom_shim_rp2040.S.obj
 .debug_line    0x0000fa40       0x94 CMakeFiles/main.dir/opt/pico-sdk/src/rp2_common/pico_mem_ops/mem_ops_aeabi.S.obj
 .debug_line    0x0000fad4      0x139 CMakeFiles/main.dir/opt/pico-sdk/src/rp2_common/pico_standard_binary_info/standard_binary_info.c.obj
 .debug_line    0x0000fc0d     0x1a52 CMakeFiles/main.dir/opt/pico-sdk/src/rp2_common/pico_printf/printf.c.obj
 .debug_line    0x0001165f       0xa4 CMakeFiles/main.dir/opt/pico-sdk/src/rp2_common/pico_crt0/crt0.S.obj
 .debug_line    0x00011703      0x726 CMakeFiles/main.dir/opt/pico-sdk/src/rp2_common/pico_clib_interface/newlib_interface.c.obj
 .debug_line    0x00011e29     0x12d6 CMakeFiles/main.dir/opt/pico-sdk/src/rp2_common/pico_stdio/stdio.c.obj
 .debug_line    0x000130ff      0x2b9 CMakeFiles/main.dir/opt/pico-sdk/src/rp2_common/pico_stdio_semihosting/stdio_semihosting.c.obj
 .debug_line    0x000133b8       0x4a /usr/lib/gcc/arm-none-eabi/13.2.1/thumb/v6-m/nofp/libgcc.a(_dvmd_tls.o)
 .debug_line    0x00013402       0xc6 /usr/lib/gcc/arm-none-eabi/13.2.1/../../../arm-none-eabi/lib/thumb/v6-m/nofp/libg.a(libc_a-atexit.o)
 .debug_line    0x000134c8      0x1aa /usr/lib/gcc/arm-none-eabi/13.2.1/../../../arm-none-eabi/lib/thumb/v6-m/nofp/libg.a(libc_a-strlen-stub.o)
 .debug_line    0x00013672       0xd1 /usr/lib/gcc/arm-none-eabi/13.2.1/../../../arm-none-eabi/lib/thumb/v6-m/nofp/libg.a(libc_a-fini.o)
 .debug_line    0x00013743      0x163 /usr/lib/gcc/arm-none-eabi/13.2.1/../../../arm-none-eabi/lib/thumb/v6-m/nofp/libg.a(libc_a-__atexit.o)
 .debug_line    0x000138a6      0x27e /usr/lib/gcc/arm-none-eabi/13.2.1/../../../arm-none-eabi/lib/thumb/v6-m/nofp/libg.a(libc_a-__call_atexit.o)

.debug_str      0x00000000     0x40e1
 .debug_str     0x00000000     0x40e1 CMakeFiles/main.dir/main.c.obj
                                0x3d8 (size before relaxing)
 .debug_str     0x000040e1      0xc1f CMakeFiles/main.dir/opt/pico-sdk/src/rp2_common/hardware_gpio/gpio.c.obj
 .debug_str     0x000040e1      0x1d6 CMakeFiles/main.dir/opt/pico-sdk/src/rp2_common/pico_platform_panic/panic.c.obj
 .debug_str     0x000040e1      0x344 CMakeFiles/main.dir/opt/pico-sdk/src/common/hardware_claim/claim.c.obj
 .debug_str     0x000040e1      0x2ed CMakeFiles/main.dir/opt/pico-sdk/src/rp2_common/hardware_sync/sync.c.obj
 .debug_str     0x000040e1      0x20a CMakeFiles/main.dir/opt/pico-sdk/src/rp2_common/hardware_sync_spin_lock/sync_spin_lock.c.obj
 .debug_str     0x000040e1      0x9fa CMakeFiles/main.dir/opt/pico-sdk/src/rp2_common/hardware_irq/irq.c.obj
 .debug_str     0x000040e1      0x1d6 CMakeFiles/main.dir/opt/pico-sdk/src/common/pico_sync/lock_core.c.obj
 .debug_str     0x000040e1      0x735 CMakeFiles/main.dir/opt/pico-sdk/src/common/pico_sync/mutex.c.obj
 .debug_str     0x000040e1     0x10cb CMakeFiles/main.dir/opt/pico-sdk/src/common/pico_time/time.c.obj
 .debug_str     0x000040e1      0x986 CMakeFiles/main.dir/opt/pico-sdk/src/rp2_common/hardware_timer/timer.c.obj
 .debug_str     0x000040e1      0x927 CMakeFiles/main.dir/opt/pico-sdk/src/rp2_common/hardware_clocks/clocks.c.obj
 .debug_str     0x000040e1      0x41d CMakeFiles/main.dir/opt/pico-sdk/src/rp2_common/hardware_pll/pll.c.obj
 .debug_str     0x000040e1      0x24c CMakeFiles/main.dir/opt/pico-sdk/src/rp2_common/hardware_ticks/ticks.c.obj
 .debug_str     0x000040e1      0x201 CMakeFiles/main.dir/opt/pico-sdk/src/rp2_common/hardware_xosc/xosc.c.obj
 .debug_str     0x000040e1      0x25c CMakeFiles/main.dir/opt/pico-sdk/src/rp2_common/pico_runtime/runtime.c.obj
 .debug_str     0x000040e1      0x745 CMakeFiles/main.dir/opt/pico-sdk/src/rp2_common/pico_runtime_init/runtime_init.c.obj
 .debug_str     0x000040e1      0x459 CMakeFiles/main.dir/opt/pico-sdk/src/rp2_common/pico_runtime_init/runtime_init_clocks.c.obj
 .debug_str     0x000040e1       0x5e CMakeFiles/main.dir/opt/pico-sdk/src/rp2_common/pico_bit_ops/bit_ops_aeabi.S.obj
 .debug_str     0x000040e1      0x29f CMakeFiles/main.dir/opt/pico-sdk/src/rp2_common/pico_bootrom/bootrom.c.obj
 .debug_str     0x000040e1       0x61 CMakeFiles/main.dir/opt/pico-sdk/src/rp2_common/pico_divider/divider_hardware.S.obj
 .debug_str     0x000040e1       0x63 CMakeFiles/main.dir/opt/pico-sdk/src/rp2_common/pico_double/double_aeabi_rp2040.S.obj
 .debug_str     0x000040e1      0x271 CMakeFiles/main.dir/opt/pico-sdk/src/rp2_common/pico_double/double_init_rom_rp2040.c.obj
 .debug_str     0x000040e1       0x69 CMakeFiles/main.dir/opt/pico-sdk/src/rp2_common/pico_double/double_v1_rom_shim_rp2040.S.obj
 .debug_str     0x000040e1       0x67 CMakeFiles/main.dir/opt/pico-sdk/src/rp2_common/pico_int64_ops/pico_int64_ops_aeabi.S.obj
 .debug_str     0x000040e1       0x61 CMakeFiles/main.dir/opt/pico-sdk/src/rp2_common/pico_float/float_aeabi_rp2040.S.obj
 .debug_str     0x000040e1      0x256 CMakeFiles/main.dir/opt/pico-sdk/src/rp2_common/pico_float/float_init_rom_rp2040.c.obj
 .debug_str     0x000040e1       0x67 CMakeFiles/main.dir/opt/pico-sdk/src/rp2_common/pico_float/float_v1_rom_shim_rp2040.S.obj
 .debug_str     0x000040e1       0x5e CMakeFiles/main.dir/opt/pico-sdk/src/rp2_common/pico_mem_ops/mem_ops_aeabi.S.obj
 .debug_str     0x000040e1      0x372 CMakeFiles/main.dir/opt/pico-sdk/src/rp2_common/pico_standard_binary_info/standard_binary_info.c.obj
 .debug_str     0x000040e1      0x494 CMakeFiles/main.dir/opt/pico-sdk/src/rp2_common/pico_printf/printf.c.obj
 .debug_str     0x000040e1       0x52 CMakeFiles/main.dir/opt/pico-sdk/src/rp2_common/pico_crt0/crt0.S.obj
 .debug_str     0x000040e1      0x6f6 CMakeFiles/main.dir/opt/pico-sdk/src/rp2_common/pico_clib_interface/newlib_interface.c.obj
 .debug_str     0x000040e1      0xa97 CMakeFiles/main.dir/opt/pico-sdk/src/rp2_common/pico_stdio/stdio.c.obj
 .debug_str     0x000040e1      0x321 CMakeFiles/main.dir/opt/pico-sdk/src/rp2_common/pico_stdio_semihosting/stdio_semihosting.c.obj
 .debug_str     0x000040e1       0xbf /usr/lib/gcc/arm-none-eabi/13.2.1/thumb/v6-m/nofp/libgcc.a(_dvmd_tls.o)
 .debug_str     0x000040e1      0x1ca /usr/lib/gcc/arm-none-eabi/13.2.1/../../../arm-none-eabi/lib/thumb/v6-m/nofp/libg.a(libc_a-atexit.o)